
*** mesh/mesh-repair/src/adjacency.rs:82:9: replace MeshAdjacency::faces_for_vertex -> &[usize] with Vec::leak(Vec::new())

*** mutation diff:
--- mesh/mesh-repair/src/adjacency.rs
+++ replace MeshAdjacency::faces_for_vertex -> &[usize] with Vec::leak(Vec::new())
@@ -74,17 +74,17 @@
         self.edge_to_faces.get(&edge).map(Vec::as_slice)
     }
 
     /// Get faces adjacent to a vertex.
     ///
     /// Returns an empty slice if the vertex has no adjacent faces.
     #[must_use]
     pub fn faces_for_vertex(&self, v: u32) -> &[usize] {
-        self.vertex_to_faces.get(&v).map_or(&[], Vec::as_slice)
+        Vec::leak(Vec::new()) /* ~ changed by cargo-mutants ~ */
     }
 
     /// Iterate over all boundary edges (edges with exactly one adjacent face).
     ///
     /// Boundary edges indicate holes in the mesh surface.
     pub fn boundary_edges(&self) -> impl Iterator<Item = (u32, u32)> + '_ {
         self.edge_to_faces
             .iter()


*** /Users/jonhillesheim/.rustup/toolchains/1.96.0-aarch64-apple-darwin/bin/cargo test --no-run --verbose --package=mesh-repair@2.0.0
       Fresh autocfg v1.5.0
       Fresh unicode-ident v1.0.24
       Fresh bytemuck v1.25.0
       Fresh cfg-if v1.0.4
       Fresh rawpointer v0.2.1
       Fresh safe_arch v0.7.4
       Fresh bitflags v2.11.0
       Fresh typenum v1.20.1
       Fresh once_cell v1.21.4
       Fresh libm v0.2.16
       Fresh proc-macro2 v1.0.106
       Fresh libc v0.2.183
       Fresh paste v1.0.15
       Fresh wide v0.7.33
       Fresh matrixmultiply v0.3.10
       Fresh crossbeam-utils v0.8.21
       Fresh byteorder v1.5.0
       Fresh num-traits v0.2.19
       Fresh quote v1.0.45
       Fresh getrandom v0.3.4
       Fresh errno v0.3.14
       Fresh hash32 v0.3.1
       Fresh foldhash v0.2.0
       Fresh stable_deref_trait v1.2.1
       Fresh syn v2.0.117
       Fresh num-complex v0.4.6
       Fresh approx v0.5.1
       Fresh num-integer v0.1.46
       Fresh rand_core v0.9.5
       Fresh crossbeam-epoch v0.9.20
       Fresh allocator-api2 v0.2.21
       Fresh equivalent v1.0.2
       Fresh smallvec v1.15.1
       Fresh rustix v1.1.4
       Fresh zerocopy v0.8.47
       Fresh num-rational v0.4.2
       Fresh simba v0.9.1
       Fresh nalgebra-macros v0.3.0
       Fresh crossbeam-deque v0.8.6
       Fresh thiserror-impl v1.0.69
       Fresh hashbrown v0.16.1
       Fresh getrandom v0.4.2
       Fresh heapless v0.8.0
       Fresh log v0.4.32
       Fresh fastrand v2.3.0
       Fresh either v1.15.0
       Fresh nalgebra v0.34.2
       Fresh robust v1.2.0
       Fresh tempfile v3.27.0
       Fresh rayon-core v1.13.0
       Fresh thiserror v1.0.69
       Fresh nalgebra v0.33.3
       Fresh ena v0.14.4
       Fresh rstar v0.12.2
       Fresh thiserror-impl v2.0.18
       Fresh num-derive v0.4.2
       Fresh tracing-attributes v0.1.31
       Fresh ppv-lite86 v0.2.21
       Fresh spade v2.15.1
       Fresh cf-geometry v1.0.0 (/private/var/folders/bm/hqbs88cx0fvff3jg_7xwjp0c0000gn/T/cargo-mutants-cortenforge-JHVswI.tmp/design/cf-geometry)
       Fresh ordered-float v4.6.0
       Fresh wait-timeout v0.2.1
       Fresh tracing-core v0.1.36
       Fresh quick-error v1.2.3
       Fresh fnv v1.0.7
       Fresh rustc-hash v2.1.1
       Fresh downcast-rs v1.2.1
       Fresh slab v0.4.12
       Fresh pin-project-lite v0.2.17
       Fresh bit-vec v0.8.0
       Fresh arrayvec v0.7.6
       Fresh tracing v0.1.44
       Fresh bit-set v0.8.0
       Fresh rusty-fork v0.3.1
       Fresh mesh-types v1.0.0 (/private/var/folders/bm/hqbs88cx0fvff3jg_7xwjp0c0000gn/T/cargo-mutants-cortenforge-JHVswI.tmp/mesh/mesh-types)
       Fresh parry3d-f64 v0.17.6
       Fresh rayon v1.12.0
       Fresh rand_chacha v0.9.0
       Fresh thiserror v2.0.18
       Fresh rand_xorshift v0.4.0
       Fresh rand v0.9.2
       Fresh unarray v0.1.4
       Fresh regex-syntax v0.8.10
       Fresh proptest v1.11.0
       Dirty mesh-repair v2.0.0 (/private/var/folders/bm/hqbs88cx0fvff3jg_7xwjp0c0000gn/T/cargo-mutants-cortenforge-JHVswI.tmp/mesh/mesh-repair): the file `mesh/mesh-repair/src/adjacency.rs` has changed (1787396678.389708789s, 6s after last build at 1787396672.146572389s)
   Compiling mesh-repair v2.0.0 (/private/var/folders/bm/hqbs88cx0fvff3jg_7xwjp0c0000gn/T/cargo-mutants-cortenforge-JHVswI.tmp/mesh/mesh-repair)
     Running `/Users/jonhillesheim/.rustup/toolchains/1.96.0-aarch64-apple-darwin/bin/rustc --crate-name mesh_repair --edition=2024 mesh/mesh-repair/src/lib.rs --error-format=json --json=diagnostic-rendered-ansi,artifacts,future-incompat --emit=dep-info,link -C opt-level=2 -C embed-bitcode=no -C debuginfo=2 -C split-debuginfo=unpacked '--warn=clippy::pedantic' '--warn=clippy::nursery' '--warn=clippy::all' '--warn=clippy::unwrap_used' --warn=unsafe_code '--deny=clippy::unimplemented' '--deny=clippy::todo' '--allow=clippy::suboptimal_flops' '--warn=clippy::panic' --warn=missing_docs '--deny=clippy::let_underscore_must_use' '--warn=clippy::expect_used' -C debug-assertions=on --test --check-cfg 'cfg(docsrs,test)' --check-cfg 'cfg(feature, values())' -C metadata=f732cce5678e1299 -C extra-filename=-ab8ce07e98e614b6 --out-dir /private/var/folders/bm/hqbs88cx0fvff3jg_7xwjp0c0000gn/T/cargo-mutants-cortenforge-JHVswI.tmp/target/debug/deps -C incremental=/private/var/folders/bm/hqbs88cx0fvff3jg_7xwjp0c0000gn/T/cargo-mutants-cortenforge-JHVswI.tmp/target/debug/incremental -L dependency=/private/var/folders/bm/hqbs88cx0fvff3jg_7xwjp0c0000gn/T/cargo-mutants-cortenforge-JHVswI.tmp/target/debug/deps --extern approx=/private/var/folders/bm/hqbs88cx0fvff3jg_7xwjp0c0000gn/T/cargo-mutants-cortenforge-JHVswI.tmp/target/debug/deps/libapprox-21f4e731216a202d.rlib --extern cf_geometry=/private/var/folders/bm/hqbs88cx0fvff3jg_7xwjp0c0000gn/T/cargo-mutants-cortenforge-JHVswI.tmp/target/debug/deps/libcf_geometry-2d727014e88ca3ac.rlib --extern hashbrown=/private/var/folders/bm/hqbs88cx0fvff3jg_7xwjp0c0000gn/T/cargo-mutants-cortenforge-JHVswI.tmp/target/debug/deps/libhashbrown-1c5585b6045e19ac.rlib --extern mesh_types=/private/var/folders/bm/hqbs88cx0fvff3jg_7xwjp0c0000gn/T/cargo-mutants-cortenforge-JHVswI.tmp/target/debug/deps/libmesh_types-bb100a088d3e9b11.rlib --extern nalgebra=/private/var/folders/bm/hqbs88cx0fvff3jg_7xwjp0c0000gn/T/cargo-mutants-cortenforge-JHVswI.tmp/target/debug/deps/libnalgebra-2cbe3d9228d6c7b9.rlib --extern parry3d_f64=/private/var/folders/bm/hqbs88cx0fvff3jg_7xwjp0c0000gn/T/cargo-mutants-cortenforge-JHVswI.tmp/target/debug/deps/libparry3d_f64-fefc5d4db899a6dc.rlib --extern proptest=/private/var/folders/bm/hqbs88cx0fvff3jg_7xwjp0c0000gn/T/cargo-mutants-cortenforge-JHVswI.tmp/target/debug/deps/libproptest-677997f9db0adb94.rlib --extern rayon=/private/var/folders/bm/hqbs88cx0fvff3jg_7xwjp0c0000gn/T/cargo-mutants-cortenforge-JHVswI.tmp/target/debug/deps/librayon-02f13d7b576039e0.rlib --extern thiserror=/private/var/folders/bm/hqbs88cx0fvff3jg_7xwjp0c0000gn/T/cargo-mutants-cortenforge-JHVswI.tmp/target/debug/deps/libthiserror-ac0ed17fd3751148.rlib --extern tracing=/private/var/folders/bm/hqbs88cx0fvff3jg_7xwjp0c0000gn/T/cargo-mutants-cortenforge-JHVswI.tmp/target/debug/deps/libtracing-874c132bc63c536d.rlib`
     Running `/Users/jonhillesheim/.rustup/toolchains/1.96.0-aarch64-apple-darwin/bin/rustc --crate-name mesh_repair --edition=2024 mesh/mesh-repair/src/lib.rs --error-format=json --json=diagnostic-rendered-ansi,artifacts,future-incompat --crate-type lib --emit=dep-info,metadata,link -C opt-level=2 -C embed-bitcode=no -C debuginfo=2 -C split-debuginfo=unpacked '--warn=clippy::pedantic' '--warn=clippy::nursery' '--warn=clippy::all' '--warn=clippy::unwrap_used' --warn=unsafe_code '--deny=clippy::unimplemented' '--deny=clippy::todo' '--allow=clippy::suboptimal_flops' '--warn=clippy::panic' --warn=missing_docs '--deny=clippy::let_underscore_must_use' '--warn=clippy::expect_used' -C debug-assertions=on --check-cfg 'cfg(docsrs,test)' --check-cfg 'cfg(feature, values())' -C metadata=824542de100eef2d -C extra-filename=-bbaf037179e386e6 --out-dir /private/var/folders/bm/hqbs88cx0fvff3jg_7xwjp0c0000gn/T/cargo-mutants-cortenforge-JHVswI.tmp/target/debug/deps -C incremental=/private/var/folders/bm/hqbs88cx0fvff3jg_7xwjp0c0000gn/T/cargo-mutants-cortenforge-JHVswI.tmp/target/debug/incremental -L dependency=/private/var/folders/bm/hqbs88cx0fvff3jg_7xwjp0c0000gn/T/cargo-mutants-cortenforge-JHVswI.tmp/target/debug/deps --extern cf_geometry=/private/var/folders/bm/hqbs88cx0fvff3jg_7xwjp0c0000gn/T/cargo-mutants-cortenforge-JHVswI.tmp/target/debug/deps/libcf_geometry-2d727014e88ca3ac.rmeta --extern hashbrown=/private/var/folders/bm/hqbs88cx0fvff3jg_7xwjp0c0000gn/T/cargo-mutants-cortenforge-JHVswI.tmp/target/debug/deps/libhashbrown-1c5585b6045e19ac.rmeta --extern mesh_types=/private/var/folders/bm/hqbs88cx0fvff3jg_7xwjp0c0000gn/T/cargo-mutants-cortenforge-JHVswI.tmp/target/debug/deps/libmesh_types-bb100a088d3e9b11.rmeta --extern nalgebra=/private/var/folders/bm/hqbs88cx0fvff3jg_7xwjp0c0000gn/T/cargo-mutants-cortenforge-JHVswI.tmp/target/debug/deps/libnalgebra-2cbe3d9228d6c7b9.rmeta --extern parry3d_f64=/private/var/folders/bm/hqbs88cx0fvff3jg_7xwjp0c0000gn/T/cargo-mutants-cortenforge-JHVswI.tmp/target/debug/deps/libparry3d_f64-fefc5d4db899a6dc.rmeta --extern rayon=/private/var/folders/bm/hqbs88cx0fvff3jg_7xwjp0c0000gn/T/cargo-mutants-cortenforge-JHVswI.tmp/target/debug/deps/librayon-02f13d7b576039e0.rmeta --extern thiserror=/private/var/folders/bm/hqbs88cx0fvff3jg_7xwjp0c0000gn/T/cargo-mutants-cortenforge-JHVswI.tmp/target/debug/deps/libthiserror-ac0ed17fd3751148.rmeta --extern tracing=/private/var/folders/bm/hqbs88cx0fvff3jg_7xwjp0c0000gn/T/cargo-mutants-cortenforge-JHVswI.tmp/target/debug/deps/libtracing-874c132bc63c536d.rmeta`
warning: unused variable: `v`
  --> mesh/mesh-repair/src/adjacency.rs:81:36
   |
81 |     pub fn faces_for_vertex(&self, v: u32) -> &[usize] {
   |                                    ^ help: if this is intentional, prefix it with an underscore: `_v`
   |
   = note: `#[warn(unused_variables)]` (part of `#[warn(unused)]`) on by default

warning: `mesh-repair` (lib) generated 1 warning (run `cargo fix --lib -p mesh-repair` to apply 1 suggestion)
     Running `/Users/jonhillesheim/.rustup/toolchains/1.96.0-aarch64-apple-darwin/bin/rustc --crate-name visual_regression --edition=2024 mesh/mesh-repair/tests/visual_regression.rs --error-format=json --json=diagnostic-rendered-ansi,artifacts,future-incompat --emit=dep-info,link -C opt-level=2 -C embed-bitcode=no -C debuginfo=2 -C split-debuginfo=unpacked '--warn=clippy::pedantic' '--warn=clippy::nursery' '--warn=clippy::all' '--warn=clippy::unwrap_used' --warn=unsafe_code '--deny=clippy::unimplemented' '--deny=clippy::todo' '--allow=clippy::suboptimal_flops' '--warn=clippy::panic' --warn=missing_docs '--deny=clippy::let_underscore_must_use' '--warn=clippy::expect_used' -C debug-assertions=on --test --check-cfg 'cfg(docsrs,test)' --check-cfg 'cfg(feature, values())' -C metadata=b0b3291f0d9b509b -C extra-filename=-7022dee911825161 --out-dir /private/var/folders/bm/hqbs88cx0fvff3jg_7xwjp0c0000gn/T/cargo-mutants-cortenforge-JHVswI.tmp/target/debug/deps -C incremental=/private/var/folders/bm/hqbs88cx0fvff3jg_7xwjp0c0000gn/T/cargo-mutants-cortenforge-JHVswI.tmp/target/debug/incremental -L dependency=/private/var/folders/bm/hqbs88cx0fvff3jg_7xwjp0c0000gn/T/cargo-mutants-cortenforge-JHVswI.tmp/target/debug/deps --extern approx=/private/var/folders/bm/hqbs88cx0fvff3jg_7xwjp0c0000gn/T/cargo-mutants-cortenforge-JHVswI.tmp/target/debug/deps/libapprox-21f4e731216a202d.rlib --extern cf_geometry=/private/var/folders/bm/hqbs88cx0fvff3jg_7xwjp0c0000gn/T/cargo-mutants-cortenforge-JHVswI.tmp/target/debug/deps/libcf_geometry-2d727014e88ca3ac.rlib --extern hashbrown=/private/var/folders/bm/hqbs88cx0fvff3jg_7xwjp0c0000gn/T/cargo-mutants-cortenforge-JHVswI.tmp/target/debug/deps/libhashbrown-1c5585b6045e19ac.rlib --extern mesh_repair=/private/var/folders/bm/hqbs88cx0fvff3jg_7xwjp0c0000gn/T/cargo-mutants-cortenforge-JHVswI.tmp/target/debug/deps/libmesh_repair-bbaf037179e386e6.rlib --extern mesh_types=/private/var/folders/bm/hqbs88cx0fvff3jg_7xwjp0c0000gn/T/cargo-mutants-cortenforge-JHVswI.tmp/target/debug/deps/libmesh_types-bb100a088d3e9b11.rlib --extern nalgebra=/private/var/folders/bm/hqbs88cx0fvff3jg_7xwjp0c0000gn/T/cargo-mutants-cortenforge-JHVswI.tmp/target/debug/deps/libnalgebra-2cbe3d9228d6c7b9.rlib --extern parry3d_f64=/private/var/folders/bm/hqbs88cx0fvff3jg_7xwjp0c0000gn/T/cargo-mutants-cortenforge-JHVswI.tmp/target/debug/deps/libparry3d_f64-fefc5d4db899a6dc.rlib --extern proptest=/private/var/folders/bm/hqbs88cx0fvff3jg_7xwjp0c0000gn/T/cargo-mutants-cortenforge-JHVswI.tmp/target/debug/deps/libproptest-677997f9db0adb94.rlib --extern rayon=/private/var/folders/bm/hqbs88cx0fvff3jg_7xwjp0c0000gn/T/cargo-mutants-cortenforge-JHVswI.tmp/target/debug/deps/librayon-02f13d7b576039e0.rlib --extern thiserror=/private/var/folders/bm/hqbs88cx0fvff3jg_7xwjp0c0000gn/T/cargo-mutants-cortenforge-JHVswI.tmp/target/debug/deps/libthiserror-ac0ed17fd3751148.rlib --extern tracing=/private/var/folders/bm/hqbs88cx0fvff3jg_7xwjp0c0000gn/T/cargo-mutants-cortenforge-JHVswI.tmp/target/debug/deps/libtracing-874c132bc63c536d.rlib`
     Running `/Users/jonhillesheim/.rustup/toolchains/1.96.0-aarch64-apple-darwin/bin/rustc --crate-name proptest_mesh --edition=2024 mesh/mesh-repair/tests/proptest_mesh.rs --error-format=json --json=diagnostic-rendered-ansi,artifacts,future-incompat --emit=dep-info,link -C opt-level=2 -C embed-bitcode=no -C debuginfo=2 -C split-debuginfo=unpacked '--warn=clippy::pedantic' '--warn=clippy::nursery' '--warn=clippy::all' '--warn=clippy::unwrap_used' --warn=unsafe_code '--deny=clippy::unimplemented' '--deny=clippy::todo' '--allow=clippy::suboptimal_flops' '--warn=clippy::panic' --warn=missing_docs '--deny=clippy::let_underscore_must_use' '--warn=clippy::expect_used' -C debug-assertions=on --test --check-cfg 'cfg(docsrs,test)' --check-cfg 'cfg(feature, values())' -C metadata=35e86108db174d80 -C extra-filename=-77c5d48c26e12227 --out-dir /private/var/folders/bm/hqbs88cx0fvff3jg_7xwjp0c0000gn/T/cargo-mutants-cortenforge-JHVswI.tmp/target/debug/deps -C incremental=/private/var/folders/bm/hqbs88cx0fvff3jg_7xwjp0c0000gn/T/cargo-mutants-cortenforge-JHVswI.tmp/target/debug/incremental -L dependency=/private/var/folders/bm/hqbs88cx0fvff3jg_7xwjp0c0000gn/T/cargo-mutants-cortenforge-JHVswI.tmp/target/debug/deps --extern approx=/private/var/folders/bm/hqbs88cx0fvff3jg_7xwjp0c0000gn/T/cargo-mutants-cortenforge-JHVswI.tmp/target/debug/deps/libapprox-21f4e731216a202d.rlib --extern cf_geometry=/private/var/folders/bm/hqbs88cx0fvff3jg_7xwjp0c0000gn/T/cargo-mutants-cortenforge-JHVswI.tmp/target/debug/deps/libcf_geometry-2d727014e88ca3ac.rlib --extern hashbrown=/private/var/folders/bm/hqbs88cx0fvff3jg_7xwjp0c0000gn/T/cargo-mutants-cortenforge-JHVswI.tmp/target/debug/deps/libhashbrown-1c5585b6045e19ac.rlib --extern mesh_repair=/private/var/folders/bm/hqbs88cx0fvff3jg_7xwjp0c0000gn/T/cargo-mutants-cortenforge-JHVswI.tmp/target/debug/deps/libmesh_repair-bbaf037179e386e6.rlib --extern mesh_types=/private/var/folders/bm/hqbs88cx0fvff3jg_7xwjp0c0000gn/T/cargo-mutants-cortenforge-JHVswI.tmp/target/debug/deps/libmesh_types-bb100a088d3e9b11.rlib --extern nalgebra=/private/var/folders/bm/hqbs88cx0fvff3jg_7xwjp0c0000gn/T/cargo-mutants-cortenforge-JHVswI.tmp/target/debug/deps/libnalgebra-2cbe3d9228d6c7b9.rlib --extern parry3d_f64=/private/var/folders/bm/hqbs88cx0fvff3jg_7xwjp0c0000gn/T/cargo-mutants-cortenforge-JHVswI.tmp/target/debug/deps/libparry3d_f64-fefc5d4db899a6dc.rlib --extern proptest=/private/var/folders/bm/hqbs88cx0fvff3jg_7xwjp0c0000gn/T/cargo-mutants-cortenforge-JHVswI.tmp/target/debug/deps/libproptest-677997f9db0adb94.rlib --extern rayon=/private/var/folders/bm/hqbs88cx0fvff3jg_7xwjp0c0000gn/T/cargo-mutants-cortenforge-JHVswI.tmp/target/debug/deps/librayon-02f13d7b576039e0.rlib --extern thiserror=/private/var/folders/bm/hqbs88cx0fvff3jg_7xwjp0c0000gn/T/cargo-mutants-cortenforge-JHVswI.tmp/target/debug/deps/libthiserror-ac0ed17fd3751148.rlib --extern tracing=/private/var/folders/bm/hqbs88cx0fvff3jg_7xwjp0c0000gn/T/cargo-mutants-cortenforge-JHVswI.tmp/target/debug/deps/libtracing-874c132bc63c536d.rlib`
     Running `/Users/jonhillesheim/.rustup/toolchains/1.96.0-aarch64-apple-darwin/bin/rustc --crate-name repair_pipeline --edition=2024 mesh/mesh-repair/tests/repair_pipeline.rs --error-format=json --json=diagnostic-rendered-ansi,artifacts,future-incompat --emit=dep-info,link -C opt-level=2 -C embed-bitcode=no -C debuginfo=2 -C split-debuginfo=unpacked '--warn=clippy::pedantic' '--warn=clippy::nursery' '--warn=clippy::all' '--warn=clippy::unwrap_used' --warn=unsafe_code '--deny=clippy::unimplemented' '--deny=clippy::todo' '--allow=clippy::suboptimal_flops' '--warn=clippy::panic' --warn=missing_docs '--deny=clippy::let_underscore_must_use' '--warn=clippy::expect_used' -C debug-assertions=on --test --check-cfg 'cfg(docsrs,test)' --check-cfg 'cfg(feature, values())' -C metadata=26bb65f46e3fabcf -C extra-filename=-ca024e6e90c49fc8 --out-dir /private/var/folders/bm/hqbs88cx0fvff3jg_7xwjp0c0000gn/T/cargo-mutants-cortenforge-JHVswI.tmp/target/debug/deps -C incremental=/private/var/folders/bm/hqbs88cx0fvff3jg_7xwjp0c0000gn/T/cargo-mutants-cortenforge-JHVswI.tmp/target/debug/incremental -L dependency=/private/var/folders/bm/hqbs88cx0fvff3jg_7xwjp0c0000gn/T/cargo-mutants-cortenforge-JHVswI.tmp/target/debug/deps --extern approx=/private/var/folders/bm/hqbs88cx0fvff3jg_7xwjp0c0000gn/T/cargo-mutants-cortenforge-JHVswI.tmp/target/debug/deps/libapprox-21f4e731216a202d.rlib --extern cf_geometry=/private/var/folders/bm/hqbs88cx0fvff3jg_7xwjp0c0000gn/T/cargo-mutants-cortenforge-JHVswI.tmp/target/debug/deps/libcf_geometry-2d727014e88ca3ac.rlib --extern hashbrown=/private/var/folders/bm/hqbs88cx0fvff3jg_7xwjp0c0000gn/T/cargo-mutants-cortenforge-JHVswI.tmp/target/debug/deps/libhashbrown-1c5585b6045e19ac.rlib --extern mesh_repair=/private/var/folders/bm/hqbs88cx0fvff3jg_7xwjp0c0000gn/T/cargo-mutants-cortenforge-JHVswI.tmp/target/debug/deps/libmesh_repair-bbaf037179e386e6.rlib --extern mesh_types=/private/var/folders/bm/hqbs88cx0fvff3jg_7xwjp0c0000gn/T/cargo-mutants-cortenforge-JHVswI.tmp/target/debug/deps/libmesh_types-bb100a088d3e9b11.rlib --extern nalgebra=/private/var/folders/bm/hqbs88cx0fvff3jg_7xwjp0c0000gn/T/cargo-mutants-cortenforge-JHVswI.tmp/target/debug/deps/libnalgebra-2cbe3d9228d6c7b9.rlib --extern parry3d_f64=/private/var/folders/bm/hqbs88cx0fvff3jg_7xwjp0c0000gn/T/cargo-mutants-cortenforge-JHVswI.tmp/target/debug/deps/libparry3d_f64-fefc5d4db899a6dc.rlib --extern proptest=/private/var/folders/bm/hqbs88cx0fvff3jg_7xwjp0c0000gn/T/cargo-mutants-cortenforge-JHVswI.tmp/target/debug/deps/libproptest-677997f9db0adb94.rlib --extern rayon=/private/var/folders/bm/hqbs88cx0fvff3jg_7xwjp0c0000gn/T/cargo-mutants-cortenforge-JHVswI.tmp/target/debug/deps/librayon-02f13d7b576039e0.rlib --extern thiserror=/private/var/folders/bm/hqbs88cx0fvff3jg_7xwjp0c0000gn/T/cargo-mutants-cortenforge-JHVswI.tmp/target/debug/deps/libthiserror-ac0ed17fd3751148.rlib --extern tracing=/private/var/folders/bm/hqbs88cx0fvff3jg_7xwjp0c0000gn/T/cargo-mutants-cortenforge-JHVswI.tmp/target/debug/deps/libtracing-874c132bc63c536d.rlib`
warning: `mesh-repair` (lib test) generated 1 warning (1 duplicate)
    Finished `test` profile [optimized + debuginfo] target(s) in 2.03s
  Executable `/private/var/folders/bm/hqbs88cx0fvff3jg_7xwjp0c0000gn/T/cargo-mutants-cortenforge-JHVswI.tmp/target/debug/deps/mesh_repair-ab8ce07e98e614b6`
  Executable `/private/var/folders/bm/hqbs88cx0fvff3jg_7xwjp0c0000gn/T/cargo-mutants-cortenforge-JHVswI.tmp/target/debug/deps/proptest_mesh-77c5d48c26e12227`
  Executable `/private/var/folders/bm/hqbs88cx0fvff3jg_7xwjp0c0000gn/T/cargo-mutants-cortenforge-JHVswI.tmp/target/debug/deps/repair_pipeline-ca024e6e90c49fc8`
  Executable `/private/var/folders/bm/hqbs88cx0fvff3jg_7xwjp0c0000gn/T/cargo-mutants-cortenforge-JHVswI.tmp/target/debug/deps/visual_regression-7022dee911825161`

*** result: Success

*** /Users/jonhillesheim/.rustup/toolchains/1.96.0-aarch64-apple-darwin/bin/cargo test --verbose --package=mesh-repair@2.0.0 --release
       Fresh autocfg v1.5.0
       Fresh unicode-ident v1.0.24
       Fresh cfg-if v1.0.4
       Fresh bytemuck v1.25.0
       Fresh rawpointer v0.2.1
       Fresh safe_arch v0.7.4
       Fresh once_cell v1.21.4
       Fresh bitflags v2.11.0
       Fresh libm v0.2.16
       Fresh proc-macro2 v1.0.106
       Fresh libc v0.2.183
       Fresh wide v0.7.33
       Fresh paste v1.0.15
       Fresh matrixmultiply v0.3.10
       Fresh typenum v1.20.1
       Fresh crossbeam-utils v0.8.21
       Fresh byteorder v1.5.0
       Fresh num-traits v0.2.19
       Fresh quote v1.0.45
       Fresh getrandom v0.3.4
       Fresh hash32 v0.3.1
       Fresh crossbeam-epoch v0.9.20
       Fresh errno v0.3.14
       Fresh stable_deref_trait v1.2.1
       Fresh equivalent v1.0.2
       Fresh syn v2.0.117
       Fresh approx v0.5.1
       Fresh num-integer v0.1.46
       Fresh num-complex v0.4.6
       Fresh rand_core v0.9.5
       Fresh smallvec v1.15.1
       Fresh allocator-api2 v0.2.21
       Fresh foldhash v0.2.0
       Fresh crossbeam-deque v0.8.6
       Fresh heapless v0.8.0
       Fresh getrandom v0.4.2
       Fresh simba v0.9.1
       Fresh num-rational v0.4.2
       Fresh nalgebra-macros v0.3.0
       Fresh thiserror-impl v1.0.69
       Fresh hashbrown v0.16.1
       Fresh zerocopy v0.8.47
       Fresh rustix v1.1.4
       Fresh robust v1.2.0
       Fresh fastrand v2.3.0
       Fresh either v1.15.0
       Fresh nalgebra v0.34.2
       Fresh log v0.4.32
       Fresh tempfile v3.27.0
       Fresh thiserror v1.0.69
       Fresh rayon-core v1.13.0
       Fresh ppv-lite86 v0.2.21
       Fresh spade v2.15.1
       Fresh nalgebra v0.33.3
       Fresh rstar v0.12.2
       Fresh thiserror-impl v2.0.18
       Fresh num-derive v0.4.2
       Fresh tracing-attributes v0.1.31
       Fresh cf-geometry v1.0.0 (/private/var/folders/bm/hqbs88cx0fvff3jg_7xwjp0c0000gn/T/cargo-mutants-cortenforge-JHVswI.tmp/design/cf-geometry)
       Fresh ena v0.14.4
       Fresh ordered-float v4.6.0
       Fresh wait-timeout v0.2.1
       Fresh tracing-core v0.1.36
       Fresh downcast-rs v1.2.1
       Fresh arrayvec v0.7.6
       Fresh pin-project-lite v0.2.17
       Fresh slab v0.4.12
       Fresh bit-vec v0.8.0
       Fresh fnv v1.0.7
       Fresh rustc-hash v2.1.1
       Fresh quick-error v1.2.3
       Fresh mesh-types v1.0.0 (/private/var/folders/bm/hqbs88cx0fvff3jg_7xwjp0c0000gn/T/cargo-mutants-cortenforge-JHVswI.tmp/mesh/mesh-types)
       Fresh tracing v0.1.44
       Fresh bit-set v0.8.0
       Fresh rusty-fork v0.3.1
       Fresh parry3d-f64 v0.17.6
       Fresh thiserror v2.0.18
       Fresh rand_chacha v0.9.0
       Fresh rayon v1.12.0
       Fresh rand v0.9.2
       Fresh rand_xorshift v0.4.0
       Fresh unarray v0.1.4
       Fresh regex-syntax v0.8.10
       Fresh proptest v1.11.0
       Dirty mesh-repair v2.0.0 (/private/var/folders/bm/hqbs88cx0fvff3jg_7xwjp0c0000gn/T/cargo-mutants-cortenforge-JHVswI.tmp/mesh/mesh-repair): the file `mesh/mesh-repair/src/adjacency.rs` has changed (1787396678.389708789s, 5s after last build at 1787396673.684151656s)
   Compiling mesh-repair v2.0.0 (/private/var/folders/bm/hqbs88cx0fvff3jg_7xwjp0c0000gn/T/cargo-mutants-cortenforge-JHVswI.tmp/mesh/mesh-repair)
     Running `/Users/jonhillesheim/.rustup/toolchains/1.96.0-aarch64-apple-darwin/bin/rustc --crate-name mesh_repair --edition=2024 mesh/mesh-repair/src/lib.rs --error-format=json --json=diagnostic-rendered-ansi,artifacts,future-incompat --emit=dep-info,link -C opt-level=3 -C embed-bitcode=no '--warn=clippy::pedantic' '--warn=clippy::nursery' '--warn=clippy::all' '--warn=clippy::unwrap_used' --warn=unsafe_code '--deny=clippy::unimplemented' '--deny=clippy::todo' '--allow=clippy::suboptimal_flops' '--warn=clippy::panic' --warn=missing_docs '--deny=clippy::let_underscore_must_use' '--warn=clippy::expect_used' --test --check-cfg 'cfg(docsrs,test)' --check-cfg 'cfg(feature, values())' -C metadata=d80da0cb2fd9ab92 -C extra-filename=-c00d1e709a1b43b0 --out-dir /private/var/folders/bm/hqbs88cx0fvff3jg_7xwjp0c0000gn/T/cargo-mutants-cortenforge-JHVswI.tmp/target/release/deps -C strip=debuginfo -L dependency=/private/var/folders/bm/hqbs88cx0fvff3jg_7xwjp0c0000gn/T/cargo-mutants-cortenforge-JHVswI.tmp/target/release/deps --extern approx=/private/var/folders/bm/hqbs88cx0fvff3jg_7xwjp0c0000gn/T/cargo-mutants-cortenforge-JHVswI.tmp/target/release/deps/libapprox-8e0e1b28beb31d74.rlib --extern cf_geometry=/private/var/folders/bm/hqbs88cx0fvff3jg_7xwjp0c0000gn/T/cargo-mutants-cortenforge-JHVswI.tmp/target/release/deps/libcf_geometry-bc81a26526a33d70.rlib --extern hashbrown=/private/var/folders/bm/hqbs88cx0fvff3jg_7xwjp0c0000gn/T/cargo-mutants-cortenforge-JHVswI.tmp/target/release/deps/libhashbrown-eca549d3cd8c0d5b.rlib --extern mesh_types=/private/var/folders/bm/hqbs88cx0fvff3jg_7xwjp0c0000gn/T/cargo-mutants-cortenforge-JHVswI.tmp/target/release/deps/libmesh_types-899fd9e20083457a.rlib --extern nalgebra=/private/var/folders/bm/hqbs88cx0fvff3jg_7xwjp0c0000gn/T/cargo-mutants-cortenforge-JHVswI.tmp/target/release/deps/libnalgebra-758f4f52fa1d7274.rlib --extern parry3d_f64=/private/var/folders/bm/hqbs88cx0fvff3jg_7xwjp0c0000gn/T/cargo-mutants-cortenforge-JHVswI.tmp/target/release/deps/libparry3d_f64-947a2c499edfba9b.rlib --extern proptest=/private/var/folders/bm/hqbs88cx0fvff3jg_7xwjp0c0000gn/T/cargo-mutants-cortenforge-JHVswI.tmp/target/release/deps/libproptest-3a86d8d47531e2f5.rlib --extern rayon=/private/var/folders/bm/hqbs88cx0fvff3jg_7xwjp0c0000gn/T/cargo-mutants-cortenforge-JHVswI.tmp/target/release/deps/librayon-69d4359a342e9641.rlib --extern thiserror=/private/var/folders/bm/hqbs88cx0fvff3jg_7xwjp0c0000gn/T/cargo-mutants-cortenforge-JHVswI.tmp/target/release/deps/libthiserror-13e6af7d9e53faf3.rlib --extern tracing=/private/var/folders/bm/hqbs88cx0fvff3jg_7xwjp0c0000gn/T/cargo-mutants-cortenforge-JHVswI.tmp/target/release/deps/libtracing-c4fdb3d79e67e05c.rlib`
     Running `/Users/jonhillesheim/.rustup/toolchains/1.96.0-aarch64-apple-darwin/bin/rustc --crate-name mesh_repair --edition=2024 mesh/mesh-repair/src/lib.rs --error-format=json --json=diagnostic-rendered-ansi,artifacts,future-incompat --crate-type lib --emit=dep-info,metadata,link -C opt-level=3 -C embed-bitcode=no '--warn=clippy::pedantic' '--warn=clippy::nursery' '--warn=clippy::all' '--warn=clippy::unwrap_used' --warn=unsafe_code '--deny=clippy::unimplemented' '--deny=clippy::todo' '--allow=clippy::suboptimal_flops' '--warn=clippy::panic' --warn=missing_docs '--deny=clippy::let_underscore_must_use' '--warn=clippy::expect_used' --check-cfg 'cfg(docsrs,test)' --check-cfg 'cfg(feature, values())' -C metadata=7f9f89e7aa3bc3ea -C extra-filename=-bd5fb55dc0dfb1f8 --out-dir /private/var/folders/bm/hqbs88cx0fvff3jg_7xwjp0c0000gn/T/cargo-mutants-cortenforge-JHVswI.tmp/target/release/deps -C strip=debuginfo -L dependency=/private/var/folders/bm/hqbs88cx0fvff3jg_7xwjp0c0000gn/T/cargo-mutants-cortenforge-JHVswI.tmp/target/release/deps --extern cf_geometry=/private/var/folders/bm/hqbs88cx0fvff3jg_7xwjp0c0000gn/T/cargo-mutants-cortenforge-JHVswI.tmp/target/release/deps/libcf_geometry-bc81a26526a33d70.rmeta --extern hashbrown=/private/var/folders/bm/hqbs88cx0fvff3jg_7xwjp0c0000gn/T/cargo-mutants-cortenforge-JHVswI.tmp/target/release/deps/libhashbrown-eca549d3cd8c0d5b.rmeta --extern mesh_types=/private/var/folders/bm/hqbs88cx0fvff3jg_7xwjp0c0000gn/T/cargo-mutants-cortenforge-JHVswI.tmp/target/release/deps/libmesh_types-899fd9e20083457a.rmeta --extern nalgebra=/private/var/folders/bm/hqbs88cx0fvff3jg_7xwjp0c0000gn/T/cargo-mutants-cortenforge-JHVswI.tmp/target/release/deps/libnalgebra-758f4f52fa1d7274.rmeta --extern parry3d_f64=/private/var/folders/bm/hqbs88cx0fvff3jg_7xwjp0c0000gn/T/cargo-mutants-cortenforge-JHVswI.tmp/target/release/deps/libparry3d_f64-947a2c499edfba9b.rmeta --extern rayon=/private/var/folders/bm/hqbs88cx0fvff3jg_7xwjp0c0000gn/T/cargo-mutants-cortenforge-JHVswI.tmp/target/release/deps/librayon-69d4359a342e9641.rmeta --extern thiserror=/private/var/folders/bm/hqbs88cx0fvff3jg_7xwjp0c0000gn/T/cargo-mutants-cortenforge-JHVswI.tmp/target/release/deps/libthiserror-13e6af7d9e53faf3.rmeta --extern tracing=/private/var/folders/bm/hqbs88cx0fvff3jg_7xwjp0c0000gn/T/cargo-mutants-cortenforge-JHVswI.tmp/target/release/deps/libtracing-c4fdb3d79e67e05c.rmeta`
warning: unused variable: `v`
  --> mesh/mesh-repair/src/adjacency.rs:81:36
   |
81 |     pub fn faces_for_vertex(&self, v: u32) -> &[usize] {
   |                                    ^ help: if this is intentional, prefix it with an underscore: `_v`
   |
   = note: `#[warn(unused_variables)]` (part of `#[warn(unused)]`) on by default

warning: `mesh-repair` (lib) generated 1 warning (run `cargo fix --lib -p mesh-repair` to apply 1 suggestion)
     Running `/Users/jonhillesheim/.rustup/toolchains/1.96.0-aarch64-apple-darwin/bin/rustc --crate-name visual_regression --edition=2024 mesh/mesh-repair/tests/visual_regression.rs --error-format=json --json=diagnostic-rendered-ansi,artifacts,future-incompat --emit=dep-info,link -C opt-level=3 -C embed-bitcode=no '--warn=clippy::pedantic' '--warn=clippy::nursery' '--warn=clippy::all' '--warn=clippy::unwrap_used' --warn=unsafe_code '--deny=clippy::unimplemented' '--deny=clippy::todo' '--allow=clippy::suboptimal_flops' '--warn=clippy::panic' --warn=missing_docs '--deny=clippy::let_underscore_must_use' '--warn=clippy::expect_used' --test --check-cfg 'cfg(docsrs,test)' --check-cfg 'cfg(feature, values())' -C metadata=d1b3046f891ef74c -C extra-filename=-add071630efe41b3 --out-dir /private/var/folders/bm/hqbs88cx0fvff3jg_7xwjp0c0000gn/T/cargo-mutants-cortenforge-JHVswI.tmp/target/release/deps -C strip=debuginfo -L dependency=/private/var/folders/bm/hqbs88cx0fvff3jg_7xwjp0c0000gn/T/cargo-mutants-cortenforge-JHVswI.tmp/target/release/deps --extern approx=/private/var/folders/bm/hqbs88cx0fvff3jg_7xwjp0c0000gn/T/cargo-mutants-cortenforge-JHVswI.tmp/target/release/deps/libapprox-8e0e1b28beb31d74.rlib --extern cf_geometry=/private/var/folders/bm/hqbs88cx0fvff3jg_7xwjp0c0000gn/T/cargo-mutants-cortenforge-JHVswI.tmp/target/release/deps/libcf_geometry-bc81a26526a33d70.rlib --extern hashbrown=/private/var/folders/bm/hqbs88cx0fvff3jg_7xwjp0c0000gn/T/cargo-mutants-cortenforge-JHVswI.tmp/target/release/deps/libhashbrown-eca549d3cd8c0d5b.rlib --extern mesh_repair=/private/var/folders/bm/hqbs88cx0fvff3jg_7xwjp0c0000gn/T/cargo-mutants-cortenforge-JHVswI.tmp/target/release/deps/libmesh_repair-bd5fb55dc0dfb1f8.rlib --extern mesh_types=/private/var/folders/bm/hqbs88cx0fvff3jg_7xwjp0c0000gn/T/cargo-mutants-cortenforge-JHVswI.tmp/target/release/deps/libmesh_types-899fd9e20083457a.rlib --extern nalgebra=/private/var/folders/bm/hqbs88cx0fvff3jg_7xwjp0c0000gn/T/cargo-mutants-cortenforge-JHVswI.tmp/target/release/deps/libnalgebra-758f4f52fa1d7274.rlib --extern parry3d_f64=/private/var/folders/bm/hqbs88cx0fvff3jg_7xwjp0c0000gn/T/cargo-mutants-cortenforge-JHVswI.tmp/target/release/deps/libparry3d_f64-947a2c499edfba9b.rlib --extern proptest=/private/var/folders/bm/hqbs88cx0fvff3jg_7xwjp0c0000gn/T/cargo-mutants-cortenforge-JHVswI.tmp/target/release/deps/libproptest-3a86d8d47531e2f5.rlib --extern rayon=/private/var/folders/bm/hqbs88cx0fvff3jg_7xwjp0c0000gn/T/cargo-mutants-cortenforge-JHVswI.tmp/target/release/deps/librayon-69d4359a342e9641.rlib --extern thiserror=/private/var/folders/bm/hqbs88cx0fvff3jg_7xwjp0c0000gn/T/cargo-mutants-cortenforge-JHVswI.tmp/target/release/deps/libthiserror-13e6af7d9e53faf3.rlib --extern tracing=/private/var/folders/bm/hqbs88cx0fvff3jg_7xwjp0c0000gn/T/cargo-mutants-cortenforge-JHVswI.tmp/target/release/deps/libtracing-c4fdb3d79e67e05c.rlib`
     Running `/Users/jonhillesheim/.rustup/toolchains/1.96.0-aarch64-apple-darwin/bin/rustc --crate-name proptest_mesh --edition=2024 mesh/mesh-repair/tests/proptest_mesh.rs --error-format=json --json=diagnostic-rendered-ansi,artifacts,future-incompat --emit=dep-info,link -C opt-level=3 -C embed-bitcode=no '--warn=clippy::pedantic' '--warn=clippy::nursery' '--warn=clippy::all' '--warn=clippy::unwrap_used' --warn=unsafe_code '--deny=clippy::unimplemented' '--deny=clippy::todo' '--allow=clippy::suboptimal_flops' '--warn=clippy::panic' --warn=missing_docs '--deny=clippy::let_underscore_must_use' '--warn=clippy::expect_used' --test --check-cfg 'cfg(docsrs,test)' --check-cfg 'cfg(feature, values())' -C metadata=a579c0c9685e2f54 -C extra-filename=-fdba1bc30d0d8e81 --out-dir /private/var/folders/bm/hqbs88cx0fvff3jg_7xwjp0c0000gn/T/cargo-mutants-cortenforge-JHVswI.tmp/target/release/deps -C strip=debuginfo -L dependency=/private/var/folders/bm/hqbs88cx0fvff3jg_7xwjp0c0000gn/T/cargo-mutants-cortenforge-JHVswI.tmp/target/release/deps --extern approx=/private/var/folders/bm/hqbs88cx0fvff3jg_7xwjp0c0000gn/T/cargo-mutants-cortenforge-JHVswI.tmp/target/release/deps/libapprox-8e0e1b28beb31d74.rlib --extern cf_geometry=/private/var/folders/bm/hqbs88cx0fvff3jg_7xwjp0c0000gn/T/cargo-mutants-cortenforge-JHVswI.tmp/target/release/deps/libcf_geometry-bc81a26526a33d70.rlib --extern hashbrown=/private/var/folders/bm/hqbs88cx0fvff3jg_7xwjp0c0000gn/T/cargo-mutants-cortenforge-JHVswI.tmp/target/release/deps/libhashbrown-eca549d3cd8c0d5b.rlib --extern mesh_repair=/private/var/folders/bm/hqbs88cx0fvff3jg_7xwjp0c0000gn/T/cargo-mutants-cortenforge-JHVswI.tmp/target/release/deps/libmesh_repair-bd5fb55dc0dfb1f8.rlib --extern mesh_types=/private/var/folders/bm/hqbs88cx0fvff3jg_7xwjp0c0000gn/T/cargo-mutants-cortenforge-JHVswI.tmp/target/release/deps/libmesh_types-899fd9e20083457a.rlib --extern nalgebra=/private/var/folders/bm/hqbs88cx0fvff3jg_7xwjp0c0000gn/T/cargo-mutants-cortenforge-JHVswI.tmp/target/release/deps/libnalgebra-758f4f52fa1d7274.rlib --extern parry3d_f64=/private/var/folders/bm/hqbs88cx0fvff3jg_7xwjp0c0000gn/T/cargo-mutants-cortenforge-JHVswI.tmp/target/release/deps/libparry3d_f64-947a2c499edfba9b.rlib --extern proptest=/private/var/folders/bm/hqbs88cx0fvff3jg_7xwjp0c0000gn/T/cargo-mutants-cortenforge-JHVswI.tmp/target/release/deps/libproptest-3a86d8d47531e2f5.rlib --extern rayon=/private/var/folders/bm/hqbs88cx0fvff3jg_7xwjp0c0000gn/T/cargo-mutants-cortenforge-JHVswI.tmp/target/release/deps/librayon-69d4359a342e9641.rlib --extern thiserror=/private/var/folders/bm/hqbs88cx0fvff3jg_7xwjp0c0000gn/T/cargo-mutants-cortenforge-JHVswI.tmp/target/release/deps/libthiserror-13e6af7d9e53faf3.rlib --extern tracing=/private/var/folders/bm/hqbs88cx0fvff3jg_7xwjp0c0000gn/T/cargo-mutants-cortenforge-JHVswI.tmp/target/release/deps/libtracing-c4fdb3d79e67e05c.rlib`
     Running `/Users/jonhillesheim/.rustup/toolchains/1.96.0-aarch64-apple-darwin/bin/rustc --crate-name repair_pipeline --edition=2024 mesh/mesh-repair/tests/repair_pipeline.rs --error-format=json --json=diagnostic-rendered-ansi,artifacts,future-incompat --emit=dep-info,link -C opt-level=3 -C embed-bitcode=no '--warn=clippy::pedantic' '--warn=clippy::nursery' '--warn=clippy::all' '--warn=clippy::unwrap_used' --warn=unsafe_code '--deny=clippy::unimplemented' '--deny=clippy::todo' '--allow=clippy::suboptimal_flops' '--warn=clippy::panic' --warn=missing_docs '--deny=clippy::let_underscore_must_use' '--warn=clippy::expect_used' --test --check-cfg 'cfg(docsrs,test)' --check-cfg 'cfg(feature, values())' -C metadata=b168d4e42b750d03 -C extra-filename=-ddf527c162e3a8a9 --out-dir /private/var/folders/bm/hqbs88cx0fvff3jg_7xwjp0c0000gn/T/cargo-mutants-cortenforge-JHVswI.tmp/target/release/deps -C strip=debuginfo -L dependency=/private/var/folders/bm/hqbs88cx0fvff3jg_7xwjp0c0000gn/T/cargo-mutants-cortenforge-JHVswI.tmp/target/release/deps --extern approx=/private/var/folders/bm/hqbs88cx0fvff3jg_7xwjp0c0000gn/T/cargo-mutants-cortenforge-JHVswI.tmp/target/release/deps/libapprox-8e0e1b28beb31d74.rlib --extern cf_geometry=/private/var/folders/bm/hqbs88cx0fvff3jg_7xwjp0c0000gn/T/cargo-mutants-cortenforge-JHVswI.tmp/target/release/deps/libcf_geometry-bc81a26526a33d70.rlib --extern hashbrown=/private/var/folders/bm/hqbs88cx0fvff3jg_7xwjp0c0000gn/T/cargo-mutants-cortenforge-JHVswI.tmp/target/release/deps/libhashbrown-eca549d3cd8c0d5b.rlib --extern mesh_repair=/private/var/folders/bm/hqbs88cx0fvff3jg_7xwjp0c0000gn/T/cargo-mutants-cortenforge-JHVswI.tmp/target/release/deps/libmesh_repair-bd5fb55dc0dfb1f8.rlib --extern mesh_types=/private/var/folders/bm/hqbs88cx0fvff3jg_7xwjp0c0000gn/T/cargo-mutants-cortenforge-JHVswI.tmp/target/release/deps/libmesh_types-899fd9e20083457a.rlib --extern nalgebra=/private/var/folders/bm/hqbs88cx0fvff3jg_7xwjp0c0000gn/T/cargo-mutants-cortenforge-JHVswI.tmp/target/release/deps/libnalgebra-758f4f52fa1d7274.rlib --extern parry3d_f64=/private/var/folders/bm/hqbs88cx0fvff3jg_7xwjp0c0000gn/T/cargo-mutants-cortenforge-JHVswI.tmp/target/release/deps/libparry3d_f64-947a2c499edfba9b.rlib --extern proptest=/private/var/folders/bm/hqbs88cx0fvff3jg_7xwjp0c0000gn/T/cargo-mutants-cortenforge-JHVswI.tmp/target/release/deps/libproptest-3a86d8d47531e2f5.rlib --extern rayon=/private/var/folders/bm/hqbs88cx0fvff3jg_7xwjp0c0000gn/T/cargo-mutants-cortenforge-JHVswI.tmp/target/release/deps/librayon-69d4359a342e9641.rlib --extern thiserror=/private/var/folders/bm/hqbs88cx0fvff3jg_7xwjp0c0000gn/T/cargo-mutants-cortenforge-JHVswI.tmp/target/release/deps/libthiserror-13e6af7d9e53faf3.rlib --extern tracing=/private/var/folders/bm/hqbs88cx0fvff3jg_7xwjp0c0000gn/T/cargo-mutants-cortenforge-JHVswI.tmp/target/release/deps/libtracing-c4fdb3d79e67e05c.rlib`
warning: `mesh-repair` (lib test) generated 1 warning (1 duplicate)
error: could not compile `mesh-repair` (test "proptest_mesh")

Caused by:
  process didn't exit successfully: `/Users/jonhillesheim/.rustup/toolchains/1.96.0-aarch64-apple-darwin/bin/rustc --crate-name proptest_mesh --edition=2024 mesh/mesh-repair/tests/proptest_mesh.rs --error-format=json --json=diagnostic-rendered-ansi,artifacts,future-incompat --emit=dep-info,link -C opt-level=3 -C embed-bitcode=no '--warn=clippy::pedantic' '--warn=clippy::nursery' '--warn=clippy::all' '--warn=clippy::unwrap_used' --warn=unsafe_code '--deny=clippy::unimplemented' '--deny=clippy::todo' '--allow=clippy::suboptimal_flops' '--warn=clippy::panic' --warn=missing_docs '--deny=clippy::let_underscore_must_use' '--warn=clippy::expect_used' --test --check-cfg 'cfg(docsrs,test)' --check-cfg 'cfg(feature, values())' -C metadata=a579c0c9685e2f54 -C extra-filename=-fdba1bc30d0d8e81 --out-dir /private/var/folders/bm/hqbs88cx0fvff3jg_7xwjp0c0000gn/T/cargo-mutants-cortenforge-JHVswI.tmp/target/release/deps -C strip=debuginfo -L dependency=/private/var/folders/bm/hqbs88cx0fvff3jg_7xwjp0c0000gn/T/cargo-mutants-cortenforge-JHVswI.tmp/target/release/deps --extern approx=/private/var/folders/bm/hqbs88cx0fvff3jg_7xwjp0c0000gn/T/cargo-mutants-cortenforge-JHVswI.tmp/target/release/deps/libapprox-8e0e1b28beb31d74.rlib --extern cf_geometry=/private/var/folders/bm/hqbs88cx0fvff3jg_7xwjp0c0000gn/T/cargo-mutants-cortenforge-JHVswI.tmp/target/release/deps/libcf_geometry-bc81a26526a33d70.rlib --extern hashbrown=/private/var/folders/bm/hqbs88cx0fvff3jg_7xwjp0c0000gn/T/cargo-mutants-cortenforge-JHVswI.tmp/target/release/deps/libhashbrown-eca549d3cd8c0d5b.rlib --extern mesh_repair=/private/var/folders/bm/hqbs88cx0fvff3jg_7xwjp0c0000gn/T/cargo-mutants-cortenforge-JHVswI.tmp/target/release/deps/libmesh_repair-bd5fb55dc0dfb1f8.rlib --extern mesh_types=/private/var/folders/bm/hqbs88cx0fvff3jg_7xwjp0c0000gn/T/cargo-mutants-cortenforge-JHVswI.tmp/target/release/deps/libmesh_types-899fd9e20083457a.rlib --extern nalgebra=/private/var/folders/bm/hqbs88cx0fvff3jg_7xwjp0c0000gn/T/cargo-mutants-cortenforge-JHVswI.tmp/target/release/deps/libnalgebra-758f4f52fa1d7274.rlib --extern parry3d_f64=/private/var/folders/bm/hqbs88cx0fvff3jg_7xwjp0c0000gn/T/cargo-mutants-cortenforge-JHVswI.tmp/target/release/deps/libparry3d_f64-947a2c499edfba9b.rlib --extern proptest=/private/var/folders/bm/hqbs88cx0fvff3jg_7xwjp0c0000gn/T/cargo-mutants-cortenforge-JHVswI.tmp/target/release/deps/libproptest-3a86d8d47531e2f5.rlib --extern rayon=/private/var/folders/bm/hqbs88cx0fvff3jg_7xwjp0c0000gn/T/cargo-mutants-cortenforge-JHVswI.tmp/target/release/deps/librayon-69d4359a342e9641.rlib --extern thiserror=/private/var/folders/bm/hqbs88cx0fvff3jg_7xwjp0c0000gn/T/cargo-mutants-cortenforge-JHVswI.tmp/target/release/deps/libthiserror-13e6af7d9e53faf3.rlib --extern tracing=/private/var/folders/bm/hqbs88cx0fvff3jg_7xwjp0c0000gn/T/cargo-mutants-cortenforge-JHVswI.tmp/target/release/deps/libtracing-c4fdb3d79e67e05c.rlib` (signal: 15, SIGTERM: termination signal)
