
*** mesh/mesh-repair/src/components.rs:62:9: replace ComponentAnalysis::is_connected -> bool with false

*** mutation diff:
--- mesh/mesh-repair/src/components.rs
+++ replace ComponentAnalysis::is_connected -> bool with false
@@ -54,17 +54,17 @@
     /// Size of the smallest component (number of faces).
     pub smallest_component_size: usize,
 }
 
 impl ComponentAnalysis {
     /// Check if the mesh is fully connected (single component).
     #[must_use]
     pub const fn is_connected(&self) -> bool {
-        self.component_count == 1
+        false /* ~ changed by cargo-mutants ~ */
     }
 
     /// Get the face indices of the largest component.
     #[must_use]
     pub fn largest_component(&self) -> &[u32] {
         self.components.first().map_or(&[], Vec::as_slice)
     }
 }


*** /Users/jonhillesheim/.rustup/toolchains/1.96.0-aarch64-apple-darwin/bin/cargo test --no-run --verbose --package=mesh-repair@2.0.0
       Fresh autocfg v1.5.0
       Fresh unicode-ident v1.0.24
       Fresh bytemuck v1.25.0
       Fresh cfg-if v1.0.4
       Fresh rawpointer v0.2.1
       Fresh safe_arch v0.7.4
       Fresh once_cell v1.21.4
       Fresh typenum v1.20.1
       Fresh bitflags v2.11.0
       Fresh libm v0.2.16
       Fresh proc-macro2 v1.0.106
       Fresh libc v0.2.183
       Fresh paste v1.0.15
       Fresh wide v0.7.33
       Fresh matrixmultiply v0.3.10
       Fresh crossbeam-utils v0.8.21
       Fresh byteorder v1.5.0
       Fresh num-traits v0.2.19
       Fresh quote v1.0.45
       Fresh getrandom v0.3.4
       Fresh errno v0.3.14
       Fresh hash32 v0.3.1
       Fresh equivalent v1.0.2
       Fresh syn v2.0.117
       Fresh approx v0.5.1
       Fresh num-complex v0.4.6
       Fresh num-integer v0.1.46
       Fresh rand_core v0.9.5
       Fresh crossbeam-epoch v0.9.20
       Fresh foldhash v0.2.0
       Fresh allocator-api2 v0.2.21
       Fresh smallvec v1.15.1
       Fresh stable_deref_trait v1.2.1
       Fresh getrandom v0.4.2
       Fresh zerocopy v0.8.47
       Fresh simba v0.9.1
       Fresh num-rational v0.4.2
       Fresh nalgebra-macros v0.3.0
       Fresh thiserror-impl v1.0.69
       Fresh hashbrown v0.16.1
       Fresh heapless v0.8.0
       Fresh crossbeam-deque v0.8.6
       Fresh rustix v1.1.4
       Fresh log v0.4.32
       Fresh fastrand v2.3.0
       Fresh robust v1.2.0
       Fresh either v1.15.0
       Fresh nalgebra v0.34.2
       Fresh rayon-core v1.13.0
       Fresh tempfile v3.27.0
       Fresh ena v0.14.4
       Fresh thiserror v1.0.69
       Fresh rstar v0.12.2
       Fresh nalgebra v0.33.3
       Fresh spade v2.15.1
       Fresh thiserror-impl v2.0.18
       Fresh tracing-attributes v0.1.31
       Fresh ppv-lite86 v0.2.21
       Fresh num-derive v0.4.2
       Fresh cf-geometry v1.0.0 (/private/var/folders/bm/hqbs88cx0fvff3jg_7xwjp0c0000gn/T/cargo-mutants-cortenforge-9vBoBk.tmp/design/cf-geometry)
       Fresh ordered-float v4.6.0
       Fresh wait-timeout v0.2.1
       Fresh tracing-core v0.1.36
       Fresh quick-error v1.2.3
       Fresh rustc-hash v2.1.1
       Fresh fnv v1.0.7
       Fresh downcast-rs v1.2.1
       Fresh arrayvec v0.7.6
       Fresh pin-project-lite v0.2.17
       Fresh bit-vec v0.8.0
       Fresh slab v0.4.12
       Fresh bit-set v0.8.0
       Fresh rusty-fork v0.3.1
       Fresh tracing v0.1.44
       Fresh thiserror v2.0.18
       Fresh mesh-types v1.0.0 (/private/var/folders/bm/hqbs88cx0fvff3jg_7xwjp0c0000gn/T/cargo-mutants-cortenforge-9vBoBk.tmp/mesh/mesh-types)
       Fresh parry3d-f64 v0.17.6
       Fresh rand_chacha v0.9.0
       Fresh rayon v1.12.0
       Fresh rand_xorshift v0.4.0
       Fresh rand v0.9.2
       Fresh unarray v0.1.4
       Fresh regex-syntax v0.8.10
       Fresh proptest v1.11.0
       Dirty mesh-repair v2.0.0 (/private/var/folders/bm/hqbs88cx0fvff3jg_7xwjp0c0000gn/T/cargo-mutants-cortenforge-9vBoBk.tmp/mesh/mesh-repair): the file `mesh/mesh-repair/src/components.rs` has changed (1787396960.065819462s, 4s after last build at 1787396956.760721045s)
   Compiling mesh-repair v2.0.0 (/private/var/folders/bm/hqbs88cx0fvff3jg_7xwjp0c0000gn/T/cargo-mutants-cortenforge-9vBoBk.tmp/mesh/mesh-repair)
     Running `/Users/jonhillesheim/.rustup/toolchains/1.96.0-aarch64-apple-darwin/bin/rustc --crate-name mesh_repair --edition=2024 mesh/mesh-repair/src/lib.rs --error-format=json --json=diagnostic-rendered-ansi,artifacts,future-incompat --emit=dep-info,link -C opt-level=2 -C embed-bitcode=no -C debuginfo=2 -C split-debuginfo=unpacked '--warn=clippy::pedantic' '--warn=clippy::nursery' '--warn=clippy::all' '--warn=clippy::unwrap_used' --warn=unsafe_code '--deny=clippy::unimplemented' '--deny=clippy::todo' '--allow=clippy::suboptimal_flops' '--warn=clippy::panic' --warn=missing_docs '--deny=clippy::let_underscore_must_use' '--warn=clippy::expect_used' -C debug-assertions=on --test --check-cfg 'cfg(docsrs,test)' --check-cfg 'cfg(feature, values())' -C metadata=f732cce5678e1299 -C extra-filename=-ab8ce07e98e614b6 --out-dir /private/var/folders/bm/hqbs88cx0fvff3jg_7xwjp0c0000gn/T/cargo-mutants-cortenforge-9vBoBk.tmp/target/debug/deps -C incremental=/private/var/folders/bm/hqbs88cx0fvff3jg_7xwjp0c0000gn/T/cargo-mutants-cortenforge-9vBoBk.tmp/target/debug/incremental -L dependency=/private/var/folders/bm/hqbs88cx0fvff3jg_7xwjp0c0000gn/T/cargo-mutants-cortenforge-9vBoBk.tmp/target/debug/deps --extern approx=/private/var/folders/bm/hqbs88cx0fvff3jg_7xwjp0c0000gn/T/cargo-mutants-cortenforge-9vBoBk.tmp/target/debug/deps/libapprox-21f4e731216a202d.rlib --extern cf_geometry=/private/var/folders/bm/hqbs88cx0fvff3jg_7xwjp0c0000gn/T/cargo-mutants-cortenforge-9vBoBk.tmp/target/debug/deps/libcf_geometry-2d727014e88ca3ac.rlib --extern hashbrown=/private/var/folders/bm/hqbs88cx0fvff3jg_7xwjp0c0000gn/T/cargo-mutants-cortenforge-9vBoBk.tmp/target/debug/deps/libhashbrown-1c5585b6045e19ac.rlib --extern mesh_types=/private/var/folders/bm/hqbs88cx0fvff3jg_7xwjp0c0000gn/T/cargo-mutants-cortenforge-9vBoBk.tmp/target/debug/deps/libmesh_types-bb100a088d3e9b11.rlib --extern nalgebra=/private/var/folders/bm/hqbs88cx0fvff3jg_7xwjp0c0000gn/T/cargo-mutants-cortenforge-9vBoBk.tmp/target/debug/deps/libnalgebra-2cbe3d9228d6c7b9.rlib --extern parry3d_f64=/private/var/folders/bm/hqbs88cx0fvff3jg_7xwjp0c0000gn/T/cargo-mutants-cortenforge-9vBoBk.tmp/target/debug/deps/libparry3d_f64-fefc5d4db899a6dc.rlib --extern proptest=/private/var/folders/bm/hqbs88cx0fvff3jg_7xwjp0c0000gn/T/cargo-mutants-cortenforge-9vBoBk.tmp/target/debug/deps/libproptest-677997f9db0adb94.rlib --extern rayon=/private/var/folders/bm/hqbs88cx0fvff3jg_7xwjp0c0000gn/T/cargo-mutants-cortenforge-9vBoBk.tmp/target/debug/deps/librayon-02f13d7b576039e0.rlib --extern thiserror=/private/var/folders/bm/hqbs88cx0fvff3jg_7xwjp0c0000gn/T/cargo-mutants-cortenforge-9vBoBk.tmp/target/debug/deps/libthiserror-ac0ed17fd3751148.rlib --extern tracing=/private/var/folders/bm/hqbs88cx0fvff3jg_7xwjp0c0000gn/T/cargo-mutants-cortenforge-9vBoBk.tmp/target/debug/deps/libtracing-874c132bc63c536d.rlib`
     Running `/Users/jonhillesheim/.rustup/toolchains/1.96.0-aarch64-apple-darwin/bin/rustc --crate-name mesh_repair --edition=2024 mesh/mesh-repair/src/lib.rs --error-format=json --json=diagnostic-rendered-ansi,artifacts,future-incompat --crate-type lib --emit=dep-info,metadata,link -C opt-level=2 -C embed-bitcode=no -C debuginfo=2 -C split-debuginfo=unpacked '--warn=clippy::pedantic' '--warn=clippy::nursery' '--warn=clippy::all' '--warn=clippy::unwrap_used' --warn=unsafe_code '--deny=clippy::unimplemented' '--deny=clippy::todo' '--allow=clippy::suboptimal_flops' '--warn=clippy::panic' --warn=missing_docs '--deny=clippy::let_underscore_must_use' '--warn=clippy::expect_used' -C debug-assertions=on --check-cfg 'cfg(docsrs,test)' --check-cfg 'cfg(feature, values())' -C metadata=824542de100eef2d -C extra-filename=-bbaf037179e386e6 --out-dir /private/var/folders/bm/hqbs88cx0fvff3jg_7xwjp0c0000gn/T/cargo-mutants-cortenforge-9vBoBk.tmp/target/debug/deps -C incremental=/private/var/folders/bm/hqbs88cx0fvff3jg_7xwjp0c0000gn/T/cargo-mutants-cortenforge-9vBoBk.tmp/target/debug/incremental -L dependency=/private/var/folders/bm/hqbs88cx0fvff3jg_7xwjp0c0000gn/T/cargo-mutants-cortenforge-9vBoBk.tmp/target/debug/deps --extern cf_geometry=/private/var/folders/bm/hqbs88cx0fvff3jg_7xwjp0c0000gn/T/cargo-mutants-cortenforge-9vBoBk.tmp/target/debug/deps/libcf_geometry-2d727014e88ca3ac.rmeta --extern hashbrown=/private/var/folders/bm/hqbs88cx0fvff3jg_7xwjp0c0000gn/T/cargo-mutants-cortenforge-9vBoBk.tmp/target/debug/deps/libhashbrown-1c5585b6045e19ac.rmeta --extern mesh_types=/private/var/folders/bm/hqbs88cx0fvff3jg_7xwjp0c0000gn/T/cargo-mutants-cortenforge-9vBoBk.tmp/target/debug/deps/libmesh_types-bb100a088d3e9b11.rmeta --extern nalgebra=/private/var/folders/bm/hqbs88cx0fvff3jg_7xwjp0c0000gn/T/cargo-mutants-cortenforge-9vBoBk.tmp/target/debug/deps/libnalgebra-2cbe3d9228d6c7b9.rmeta --extern parry3d_f64=/private/var/folders/bm/hqbs88cx0fvff3jg_7xwjp0c0000gn/T/cargo-mutants-cortenforge-9vBoBk.tmp/target/debug/deps/libparry3d_f64-fefc5d4db899a6dc.rmeta --extern rayon=/private/var/folders/bm/hqbs88cx0fvff3jg_7xwjp0c0000gn/T/cargo-mutants-cortenforge-9vBoBk.tmp/target/debug/deps/librayon-02f13d7b576039e0.rmeta --extern thiserror=/private/var/folders/bm/hqbs88cx0fvff3jg_7xwjp0c0000gn/T/cargo-mutants-cortenforge-9vBoBk.tmp/target/debug/deps/libthiserror-ac0ed17fd3751148.rmeta --extern tracing=/private/var/folders/bm/hqbs88cx0fvff3jg_7xwjp0c0000gn/T/cargo-mutants-cortenforge-9vBoBk.tmp/target/debug/deps/libtracing-874c132bc63c536d.rmeta`
     Running `/Users/jonhillesheim/.rustup/toolchains/1.96.0-aarch64-apple-darwin/bin/rustc --crate-name proptest_mesh --edition=2024 mesh/mesh-repair/tests/proptest_mesh.rs --error-format=json --json=diagnostic-rendered-ansi,artifacts,future-incompat --emit=dep-info,link -C opt-level=2 -C embed-bitcode=no -C debuginfo=2 -C split-debuginfo=unpacked '--warn=clippy::pedantic' '--warn=clippy::nursery' '--warn=clippy::all' '--warn=clippy::unwrap_used' --warn=unsafe_code '--deny=clippy::unimplemented' '--deny=clippy::todo' '--allow=clippy::suboptimal_flops' '--warn=clippy::panic' --warn=missing_docs '--deny=clippy::let_underscore_must_use' '--warn=clippy::expect_used' -C debug-assertions=on --test --check-cfg 'cfg(docsrs,test)' --check-cfg 'cfg(feature, values())' -C metadata=35e86108db174d80 -C extra-filename=-77c5d48c26e12227 --out-dir /private/var/folders/bm/hqbs88cx0fvff3jg_7xwjp0c0000gn/T/cargo-mutants-cortenforge-9vBoBk.tmp/target/debug/deps -C incremental=/private/var/folders/bm/hqbs88cx0fvff3jg_7xwjp0c0000gn/T/cargo-mutants-cortenforge-9vBoBk.tmp/target/debug/incremental -L dependency=/private/var/folders/bm/hqbs88cx0fvff3jg_7xwjp0c0000gn/T/cargo-mutants-cortenforge-9vBoBk.tmp/target/debug/deps --extern approx=/private/var/folders/bm/hqbs88cx0fvff3jg_7xwjp0c0000gn/T/cargo-mutants-cortenforge-9vBoBk.tmp/target/debug/deps/libapprox-21f4e731216a202d.rlib --extern cf_geometry=/private/var/folders/bm/hqbs88cx0fvff3jg_7xwjp0c0000gn/T/cargo-mutants-cortenforge-9vBoBk.tmp/target/debug/deps/libcf_geometry-2d727014e88ca3ac.rlib --extern hashbrown=/private/var/folders/bm/hqbs88cx0fvff3jg_7xwjp0c0000gn/T/cargo-mutants-cortenforge-9vBoBk.tmp/target/debug/deps/libhashbrown-1c5585b6045e19ac.rlib --extern mesh_repair=/private/var/folders/bm/hqbs88cx0fvff3jg_7xwjp0c0000gn/T/cargo-mutants-cortenforge-9vBoBk.tmp/target/debug/deps/libmesh_repair-bbaf037179e386e6.rlib --extern mesh_types=/private/var/folders/bm/hqbs88cx0fvff3jg_7xwjp0c0000gn/T/cargo-mutants-cortenforge-9vBoBk.tmp/target/debug/deps/libmesh_types-bb100a088d3e9b11.rlib --extern nalgebra=/private/var/folders/bm/hqbs88cx0fvff3jg_7xwjp0c0000gn/T/cargo-mutants-cortenforge-9vBoBk.tmp/target/debug/deps/libnalgebra-2cbe3d9228d6c7b9.rlib --extern parry3d_f64=/private/var/folders/bm/hqbs88cx0fvff3jg_7xwjp0c0000gn/T/cargo-mutants-cortenforge-9vBoBk.tmp/target/debug/deps/libparry3d_f64-fefc5d4db899a6dc.rlib --extern proptest=/private/var/folders/bm/hqbs88cx0fvff3jg_7xwjp0c0000gn/T/cargo-mutants-cortenforge-9vBoBk.tmp/target/debug/deps/libproptest-677997f9db0adb94.rlib --extern rayon=/private/var/folders/bm/hqbs88cx0fvff3jg_7xwjp0c0000gn/T/cargo-mutants-cortenforge-9vBoBk.tmp/target/debug/deps/librayon-02f13d7b576039e0.rlib --extern thiserror=/private/var/folders/bm/hqbs88cx0fvff3jg_7xwjp0c0000gn/T/cargo-mutants-cortenforge-9vBoBk.tmp/target/debug/deps/libthiserror-ac0ed17fd3751148.rlib --extern tracing=/private/var/folders/bm/hqbs88cx0fvff3jg_7xwjp0c0000gn/T/cargo-mutants-cortenforge-9vBoBk.tmp/target/debug/deps/libtracing-874c132bc63c536d.rlib`
     Running `/Users/jonhillesheim/.rustup/toolchains/1.96.0-aarch64-apple-darwin/bin/rustc --crate-name repair_pipeline --edition=2024 mesh/mesh-repair/tests/repair_pipeline.rs --error-format=json --json=diagnostic-rendered-ansi,artifacts,future-incompat --emit=dep-info,link -C opt-level=2 -C embed-bitcode=no -C debuginfo=2 -C split-debuginfo=unpacked '--warn=clippy::pedantic' '--warn=clippy::nursery' '--warn=clippy::all' '--warn=clippy::unwrap_used' --warn=unsafe_code '--deny=clippy::unimplemented' '--deny=clippy::todo' '--allow=clippy::suboptimal_flops' '--warn=clippy::panic' --warn=missing_docs '--deny=clippy::let_underscore_must_use' '--warn=clippy::expect_used' -C debug-assertions=on --test --check-cfg 'cfg(docsrs,test)' --check-cfg 'cfg(feature, values())' -C metadata=26bb65f46e3fabcf -C extra-filename=-ca024e6e90c49fc8 --out-dir /private/var/folders/bm/hqbs88cx0fvff3jg_7xwjp0c0000gn/T/cargo-mutants-cortenforge-9vBoBk.tmp/target/debug/deps -C incremental=/private/var/folders/bm/hqbs88cx0fvff3jg_7xwjp0c0000gn/T/cargo-mutants-cortenforge-9vBoBk.tmp/target/debug/incremental -L dependency=/private/var/folders/bm/hqbs88cx0fvff3jg_7xwjp0c0000gn/T/cargo-mutants-cortenforge-9vBoBk.tmp/target/debug/deps --extern approx=/private/var/folders/bm/hqbs88cx0fvff3jg_7xwjp0c0000gn/T/cargo-mutants-cortenforge-9vBoBk.tmp/target/debug/deps/libapprox-21f4e731216a202d.rlib --extern cf_geometry=/private/var/folders/bm/hqbs88cx0fvff3jg_7xwjp0c0000gn/T/cargo-mutants-cortenforge-9vBoBk.tmp/target/debug/deps/libcf_geometry-2d727014e88ca3ac.rlib --extern hashbrown=/private/var/folders/bm/hqbs88cx0fvff3jg_7xwjp0c0000gn/T/cargo-mutants-cortenforge-9vBoBk.tmp/target/debug/deps/libhashbrown-1c5585b6045e19ac.rlib --extern mesh_repair=/private/var/folders/bm/hqbs88cx0fvff3jg_7xwjp0c0000gn/T/cargo-mutants-cortenforge-9vBoBk.tmp/target/debug/deps/libmesh_repair-bbaf037179e386e6.rlib --extern mesh_types=/private/var/folders/bm/hqbs88cx0fvff3jg_7xwjp0c0000gn/T/cargo-mutants-cortenforge-9vBoBk.tmp/target/debug/deps/libmesh_types-bb100a088d3e9b11.rlib --extern nalgebra=/private/var/folders/bm/hqbs88cx0fvff3jg_7xwjp0c0000gn/T/cargo-mutants-cortenforge-9vBoBk.tmp/target/debug/deps/libnalgebra-2cbe3d9228d6c7b9.rlib --extern parry3d_f64=/private/var/folders/bm/hqbs88cx0fvff3jg_7xwjp0c0000gn/T/cargo-mutants-cortenforge-9vBoBk.tmp/target/debug/deps/libparry3d_f64-fefc5d4db899a6dc.rlib --extern proptest=/private/var/folders/bm/hqbs88cx0fvff3jg_7xwjp0c0000gn/T/cargo-mutants-cortenforge-9vBoBk.tmp/target/debug/deps/libproptest-677997f9db0adb94.rlib --extern rayon=/private/var/folders/bm/hqbs88cx0fvff3jg_7xwjp0c0000gn/T/cargo-mutants-cortenforge-9vBoBk.tmp/target/debug/deps/librayon-02f13d7b576039e0.rlib --extern thiserror=/private/var/folders/bm/hqbs88cx0fvff3jg_7xwjp0c0000gn/T/cargo-mutants-cortenforge-9vBoBk.tmp/target/debug/deps/libthiserror-ac0ed17fd3751148.rlib --extern tracing=/private/var/folders/bm/hqbs88cx0fvff3jg_7xwjp0c0000gn/T/cargo-mutants-cortenforge-9vBoBk.tmp/target/debug/deps/libtracing-874c132bc63c536d.rlib`
     Running `/Users/jonhillesheim/.rustup/toolchains/1.96.0-aarch64-apple-darwin/bin/rustc --crate-name visual_regression --edition=2024 mesh/mesh-repair/tests/visual_regression.rs --error-format=json --json=diagnostic-rendered-ansi,artifacts,future-incompat --emit=dep-info,link -C opt-level=2 -C embed-bitcode=no -C debuginfo=2 -C split-debuginfo=unpacked '--warn=clippy::pedantic' '--warn=clippy::nursery' '--warn=clippy::all' '--warn=clippy::unwrap_used' --warn=unsafe_code '--deny=clippy::unimplemented' '--deny=clippy::todo' '--allow=clippy::suboptimal_flops' '--warn=clippy::panic' --warn=missing_docs '--deny=clippy::let_underscore_must_use' '--warn=clippy::expect_used' -C debug-assertions=on --test --check-cfg 'cfg(docsrs,test)' --check-cfg 'cfg(feature, values())' -C metadata=b0b3291f0d9b509b -C extra-filename=-7022dee911825161 --out-dir /private/var/folders/bm/hqbs88cx0fvff3jg_7xwjp0c0000gn/T/cargo-mutants-cortenforge-9vBoBk.tmp/target/debug/deps -C incremental=/private/var/folders/bm/hqbs88cx0fvff3jg_7xwjp0c0000gn/T/cargo-mutants-cortenforge-9vBoBk.tmp/target/debug/incremental -L dependency=/private/var/folders/bm/hqbs88cx0fvff3jg_7xwjp0c0000gn/T/cargo-mutants-cortenforge-9vBoBk.tmp/target/debug/deps --extern approx=/private/var/folders/bm/hqbs88cx0fvff3jg_7xwjp0c0000gn/T/cargo-mutants-cortenforge-9vBoBk.tmp/target/debug/deps/libapprox-21f4e731216a202d.rlib --extern cf_geometry=/private/var/folders/bm/hqbs88cx0fvff3jg_7xwjp0c0000gn/T/cargo-mutants-cortenforge-9vBoBk.tmp/target/debug/deps/libcf_geometry-2d727014e88ca3ac.rlib --extern hashbrown=/private/var/folders/bm/hqbs88cx0fvff3jg_7xwjp0c0000gn/T/cargo-mutants-cortenforge-9vBoBk.tmp/target/debug/deps/libhashbrown-1c5585b6045e19ac.rlib --extern mesh_repair=/private/var/folders/bm/hqbs88cx0fvff3jg_7xwjp0c0000gn/T/cargo-mutants-cortenforge-9vBoBk.tmp/target/debug/deps/libmesh_repair-bbaf037179e386e6.rlib --extern mesh_types=/private/var/folders/bm/hqbs88cx0fvff3jg_7xwjp0c0000gn/T/cargo-mutants-cortenforge-9vBoBk.tmp/target/debug/deps/libmesh_types-bb100a088d3e9b11.rlib --extern nalgebra=/private/var/folders/bm/hqbs88cx0fvff3jg_7xwjp0c0000gn/T/cargo-mutants-cortenforge-9vBoBk.tmp/target/debug/deps/libnalgebra-2cbe3d9228d6c7b9.rlib --extern parry3d_f64=/private/var/folders/bm/hqbs88cx0fvff3jg_7xwjp0c0000gn/T/cargo-mutants-cortenforge-9vBoBk.tmp/target/debug/deps/libparry3d_f64-fefc5d4db899a6dc.rlib --extern proptest=/private/var/folders/bm/hqbs88cx0fvff3jg_7xwjp0c0000gn/T/cargo-mutants-cortenforge-9vBoBk.tmp/target/debug/deps/libproptest-677997f9db0adb94.rlib --extern rayon=/private/var/folders/bm/hqbs88cx0fvff3jg_7xwjp0c0000gn/T/cargo-mutants-cortenforge-9vBoBk.tmp/target/debug/deps/librayon-02f13d7b576039e0.rlib --extern thiserror=/private/var/folders/bm/hqbs88cx0fvff3jg_7xwjp0c0000gn/T/cargo-mutants-cortenforge-9vBoBk.tmp/target/debug/deps/libthiserror-ac0ed17fd3751148.rlib --extern tracing=/private/var/folders/bm/hqbs88cx0fvff3jg_7xwjp0c0000gn/T/cargo-mutants-cortenforge-9vBoBk.tmp/target/debug/deps/libtracing-874c132bc63c536d.rlib`
    Finished `test` profile [optimized + debuginfo] target(s) in 0.76s
  Executable `/private/var/folders/bm/hqbs88cx0fvff3jg_7xwjp0c0000gn/T/cargo-mutants-cortenforge-9vBoBk.tmp/target/debug/deps/mesh_repair-ab8ce07e98e614b6`
  Executable `/private/var/folders/bm/hqbs88cx0fvff3jg_7xwjp0c0000gn/T/cargo-mutants-cortenforge-9vBoBk.tmp/target/debug/deps/proptest_mesh-77c5d48c26e12227`
  Executable `/private/var/folders/bm/hqbs88cx0fvff3jg_7xwjp0c0000gn/T/cargo-mutants-cortenforge-9vBoBk.tmp/target/debug/deps/repair_pipeline-ca024e6e90c49fc8`
  Executable `/private/var/folders/bm/hqbs88cx0fvff3jg_7xwjp0c0000gn/T/cargo-mutants-cortenforge-9vBoBk.tmp/target/debug/deps/visual_regression-7022dee911825161`

*** result: Success

*** /Users/jonhillesheim/.rustup/toolchains/1.96.0-aarch64-apple-darwin/bin/cargo test --verbose --package=mesh-repair@2.0.0 --release
       Fresh autocfg v1.5.0
       Fresh unicode-ident v1.0.24
       Fresh bytemuck v1.25.0
       Fresh cfg-if v1.0.4
       Fresh rawpointer v0.2.1
       Fresh safe_arch v0.7.4
       Fresh bitflags v2.11.0
       Fresh once_cell v1.21.4
       Fresh typenum v1.20.1
       Fresh libm v0.2.16
       Fresh proc-macro2 v1.0.106
       Fresh libc v0.2.183
       Fresh wide v0.7.33
       Fresh paste v1.0.15
       Fresh matrixmultiply v0.3.10
       Fresh crossbeam-utils v0.8.21
       Fresh byteorder v1.5.0
       Fresh num-traits v0.2.19
       Fresh quote v1.0.45
       Fresh getrandom v0.3.4
       Fresh errno v0.3.14
       Fresh hash32 v0.3.1
       Fresh stable_deref_trait v1.2.1
       Fresh foldhash v0.2.0
       Fresh syn v2.0.117
       Fresh num-integer v0.1.46
       Fresh num-complex v0.4.6
       Fresh approx v0.5.1
       Fresh rand_core v0.9.5
       Fresh crossbeam-epoch v0.9.20
       Fresh allocator-api2 v0.2.21
       Fresh smallvec v1.15.1
       Fresh equivalent v1.0.2
       Fresh rustix v1.1.4
       Fresh zerocopy v0.8.47
       Fresh getrandom v0.4.2
       Fresh simba v0.9.1
       Fresh num-rational v0.4.2
       Fresh nalgebra-macros v0.3.0
       Fresh hashbrown v0.16.1
       Fresh thiserror-impl v1.0.69
       Fresh crossbeam-deque v0.8.6
       Fresh heapless v0.8.0
       Fresh fastrand v2.3.0
       Fresh robust v1.2.0
       Fresh log v0.4.32
       Fresh nalgebra v0.34.2
       Fresh either v1.15.0
       Fresh rstar v0.12.2
       Fresh nalgebra v0.33.3
       Fresh ena v0.14.4
       Fresh rayon-core v1.13.0
       Fresh spade v2.15.1
       Fresh thiserror v1.0.69
       Fresh tempfile v3.27.0
       Fresh ppv-lite86 v0.2.21
       Fresh thiserror-impl v2.0.18
       Fresh tracing-attributes v0.1.31
       Fresh cf-geometry v1.0.0 (/private/var/folders/bm/hqbs88cx0fvff3jg_7xwjp0c0000gn/T/cargo-mutants-cortenforge-9vBoBk.tmp/design/cf-geometry)
       Fresh num-derive v0.4.2
       Fresh ordered-float v4.6.0
       Fresh wait-timeout v0.2.1
       Fresh tracing-core v0.1.36
       Fresh bit-vec v0.8.0
       Fresh downcast-rs v1.2.1
       Fresh rustc-hash v2.1.1
       Fresh fnv v1.0.7
       Fresh pin-project-lite v0.2.17
       Fresh arrayvec v0.7.6
       Fresh slab v0.4.12
       Fresh quick-error v1.2.3
       Fresh parry3d-f64 v0.17.6
       Fresh rusty-fork v0.3.1
       Fresh mesh-types v1.0.0 (/private/var/folders/bm/hqbs88cx0fvff3jg_7xwjp0c0000gn/T/cargo-mutants-cortenforge-9vBoBk.tmp/mesh/mesh-types)
       Fresh tracing v0.1.44
       Fresh bit-set v0.8.0
       Fresh thiserror v2.0.18
       Fresh rand_chacha v0.9.0
       Fresh rayon v1.12.0
       Fresh rand_xorshift v0.4.0
       Fresh rand v0.9.2
       Fresh regex-syntax v0.8.10
       Fresh unarray v0.1.4
       Fresh proptest v1.11.0
       Dirty mesh-repair v2.0.0 (/private/var/folders/bm/hqbs88cx0fvff3jg_7xwjp0c0000gn/T/cargo-mutants-cortenforge-9vBoBk.tmp/mesh/mesh-repair): the file `mesh/mesh-repair/src/components.rs` has changed (1787396960.065819462s, 3s after last build at 1787396957.619117689s)
   Compiling mesh-repair v2.0.0 (/private/var/folders/bm/hqbs88cx0fvff3jg_7xwjp0c0000gn/T/cargo-mutants-cortenforge-9vBoBk.tmp/mesh/mesh-repair)
     Running `/Users/jonhillesheim/.rustup/toolchains/1.96.0-aarch64-apple-darwin/bin/rustc --crate-name mesh_repair --edition=2024 mesh/mesh-repair/src/lib.rs --error-format=json --json=diagnostic-rendered-ansi,artifacts,future-incompat --emit=dep-info,link -C opt-level=3 -C embed-bitcode=no '--warn=clippy::pedantic' '--warn=clippy::nursery' '--warn=clippy::all' '--warn=clippy::unwrap_used' --warn=unsafe_code '--deny=clippy::unimplemented' '--deny=clippy::todo' '--allow=clippy::suboptimal_flops' '--warn=clippy::panic' --warn=missing_docs '--deny=clippy::let_underscore_must_use' '--warn=clippy::expect_used' --test --check-cfg 'cfg(docsrs,test)' --check-cfg 'cfg(feature, values())' -C metadata=d80da0cb2fd9ab92 -C extra-filename=-c00d1e709a1b43b0 --out-dir /private/var/folders/bm/hqbs88cx0fvff3jg_7xwjp0c0000gn/T/cargo-mutants-cortenforge-9vBoBk.tmp/target/release/deps -C strip=debuginfo -L dependency=/private/var/folders/bm/hqbs88cx0fvff3jg_7xwjp0c0000gn/T/cargo-mutants-cortenforge-9vBoBk.tmp/target/release/deps --extern approx=/private/var/folders/bm/hqbs88cx0fvff3jg_7xwjp0c0000gn/T/cargo-mutants-cortenforge-9vBoBk.tmp/target/release/deps/libapprox-8e0e1b28beb31d74.rlib --extern cf_geometry=/private/var/folders/bm/hqbs88cx0fvff3jg_7xwjp0c0000gn/T/cargo-mutants-cortenforge-9vBoBk.tmp/target/release/deps/libcf_geometry-bc81a26526a33d70.rlib --extern hashbrown=/private/var/folders/bm/hqbs88cx0fvff3jg_7xwjp0c0000gn/T/cargo-mutants-cortenforge-9vBoBk.tmp/target/release/deps/libhashbrown-eca549d3cd8c0d5b.rlib --extern mesh_types=/private/var/folders/bm/hqbs88cx0fvff3jg_7xwjp0c0000gn/T/cargo-mutants-cortenforge-9vBoBk.tmp/target/release/deps/libmesh_types-899fd9e20083457a.rlib --extern nalgebra=/private/var/folders/bm/hqbs88cx0fvff3jg_7xwjp0c0000gn/T/cargo-mutants-cortenforge-9vBoBk.tmp/target/release/deps/libnalgebra-758f4f52fa1d7274.rlib --extern parry3d_f64=/private/var/folders/bm/hqbs88cx0fvff3jg_7xwjp0c0000gn/T/cargo-mutants-cortenforge-9vBoBk.tmp/target/release/deps/libparry3d_f64-947a2c499edfba9b.rlib --extern proptest=/private/var/folders/bm/hqbs88cx0fvff3jg_7xwjp0c0000gn/T/cargo-mutants-cortenforge-9vBoBk.tmp/target/release/deps/libproptest-3a86d8d47531e2f5.rlib --extern rayon=/private/var/folders/bm/hqbs88cx0fvff3jg_7xwjp0c0000gn/T/cargo-mutants-cortenforge-9vBoBk.tmp/target/release/deps/librayon-69d4359a342e9641.rlib --extern thiserror=/private/var/folders/bm/hqbs88cx0fvff3jg_7xwjp0c0000gn/T/cargo-mutants-cortenforge-9vBoBk.tmp/target/release/deps/libthiserror-13e6af7d9e53faf3.rlib --extern tracing=/private/var/folders/bm/hqbs88cx0fvff3jg_7xwjp0c0000gn/T/cargo-mutants-cortenforge-9vBoBk.tmp/target/release/deps/libtracing-c4fdb3d79e67e05c.rlib`
     Running `/Users/jonhillesheim/.rustup/toolchains/1.96.0-aarch64-apple-darwin/bin/rustc --crate-name mesh_repair --edition=2024 mesh/mesh-repair/src/lib.rs --error-format=json --json=diagnostic-rendered-ansi,artifacts,future-incompat --crate-type lib --emit=dep-info,metadata,link -C opt-level=3 -C embed-bitcode=no '--warn=clippy::pedantic' '--warn=clippy::nursery' '--warn=clippy::all' '--warn=clippy::unwrap_used' --warn=unsafe_code '--deny=clippy::unimplemented' '--deny=clippy::todo' '--allow=clippy::suboptimal_flops' '--warn=clippy::panic' --warn=missing_docs '--deny=clippy::let_underscore_must_use' '--warn=clippy::expect_used' --check-cfg 'cfg(docsrs,test)' --check-cfg 'cfg(feature, values())' -C metadata=7f9f89e7aa3bc3ea -C extra-filename=-bd5fb55dc0dfb1f8 --out-dir /private/var/folders/bm/hqbs88cx0fvff3jg_7xwjp0c0000gn/T/cargo-mutants-cortenforge-9vBoBk.tmp/target/release/deps -C strip=debuginfo -L dependency=/private/var/folders/bm/hqbs88cx0fvff3jg_7xwjp0c0000gn/T/cargo-mutants-cortenforge-9vBoBk.tmp/target/release/deps --extern cf_geometry=/private/var/folders/bm/hqbs88cx0fvff3jg_7xwjp0c0000gn/T/cargo-mutants-cortenforge-9vBoBk.tmp/target/release/deps/libcf_geometry-bc81a26526a33d70.rmeta --extern hashbrown=/private/var/folders/bm/hqbs88cx0fvff3jg_7xwjp0c0000gn/T/cargo-mutants-cortenforge-9vBoBk.tmp/target/release/deps/libhashbrown-eca549d3cd8c0d5b.rmeta --extern mesh_types=/private/var/folders/bm/hqbs88cx0fvff3jg_7xwjp0c0000gn/T/cargo-mutants-cortenforge-9vBoBk.tmp/target/release/deps/libmesh_types-899fd9e20083457a.rmeta --extern nalgebra=/private/var/folders/bm/hqbs88cx0fvff3jg_7xwjp0c0000gn/T/cargo-mutants-cortenforge-9vBoBk.tmp/target/release/deps/libnalgebra-758f4f52fa1d7274.rmeta --extern parry3d_f64=/private/var/folders/bm/hqbs88cx0fvff3jg_7xwjp0c0000gn/T/cargo-mutants-cortenforge-9vBoBk.tmp/target/release/deps/libparry3d_f64-947a2c499edfba9b.rmeta --extern rayon=/private/var/folders/bm/hqbs88cx0fvff3jg_7xwjp0c0000gn/T/cargo-mutants-cortenforge-9vBoBk.tmp/target/release/deps/librayon-69d4359a342e9641.rmeta --extern thiserror=/private/var/folders/bm/hqbs88cx0fvff3jg_7xwjp0c0000gn/T/cargo-mutants-cortenforge-9vBoBk.tmp/target/release/deps/libthiserror-13e6af7d9e53faf3.rmeta --extern tracing=/private/var/folders/bm/hqbs88cx0fvff3jg_7xwjp0c0000gn/T/cargo-mutants-cortenforge-9vBoBk.tmp/target/release/deps/libtracing-c4fdb3d79e67e05c.rmeta`
     Running `/Users/jonhillesheim/.rustup/toolchains/1.96.0-aarch64-apple-darwin/bin/rustc --crate-name visual_regression --edition=2024 mesh/mesh-repair/tests/visual_regression.rs --error-format=json --json=diagnostic-rendered-ansi,artifacts,future-incompat --emit=dep-info,link -C opt-level=3 -C embed-bitcode=no '--warn=clippy::pedantic' '--warn=clippy::nursery' '--warn=clippy::all' '--warn=clippy::unwrap_used' --warn=unsafe_code '--deny=clippy::unimplemented' '--deny=clippy::todo' '--allow=clippy::suboptimal_flops' '--warn=clippy::panic' --warn=missing_docs '--deny=clippy::let_underscore_must_use' '--warn=clippy::expect_used' --test --check-cfg 'cfg(docsrs,test)' --check-cfg 'cfg(feature, values())' -C metadata=d1b3046f891ef74c -C extra-filename=-add071630efe41b3 --out-dir /private/var/folders/bm/hqbs88cx0fvff3jg_7xwjp0c0000gn/T/cargo-mutants-cortenforge-9vBoBk.tmp/target/release/deps -C strip=debuginfo -L dependency=/private/var/folders/bm/hqbs88cx0fvff3jg_7xwjp0c0000gn/T/cargo-mutants-cortenforge-9vBoBk.tmp/target/release/deps --extern approx=/private/var/folders/bm/hqbs88cx0fvff3jg_7xwjp0c0000gn/T/cargo-mutants-cortenforge-9vBoBk.tmp/target/release/deps/libapprox-8e0e1b28beb31d74.rlib --extern cf_geometry=/private/var/folders/bm/hqbs88cx0fvff3jg_7xwjp0c0000gn/T/cargo-mutants-cortenforge-9vBoBk.tmp/target/release/deps/libcf_geometry-bc81a26526a33d70.rlib --extern hashbrown=/private/var/folders/bm/hqbs88cx0fvff3jg_7xwjp0c0000gn/T/cargo-mutants-cortenforge-9vBoBk.tmp/target/release/deps/libhashbrown-eca549d3cd8c0d5b.rlib --extern mesh_repair=/private/var/folders/bm/hqbs88cx0fvff3jg_7xwjp0c0000gn/T/cargo-mutants-cortenforge-9vBoBk.tmp/target/release/deps/libmesh_repair-bd5fb55dc0dfb1f8.rlib --extern mesh_types=/private/var/folders/bm/hqbs88cx0fvff3jg_7xwjp0c0000gn/T/cargo-mutants-cortenforge-9vBoBk.tmp/target/release/deps/libmesh_types-899fd9e20083457a.rlib --extern nalgebra=/private/var/folders/bm/hqbs88cx0fvff3jg_7xwjp0c0000gn/T/cargo-mutants-cortenforge-9vBoBk.tmp/target/release/deps/libnalgebra-758f4f52fa1d7274.rlib --extern parry3d_f64=/private/var/folders/bm/hqbs88cx0fvff3jg_7xwjp0c0000gn/T/cargo-mutants-cortenforge-9vBoBk.tmp/target/release/deps/libparry3d_f64-947a2c499edfba9b.rlib --extern proptest=/private/var/folders/bm/hqbs88cx0fvff3jg_7xwjp0c0000gn/T/cargo-mutants-cortenforge-9vBoBk.tmp/target/release/deps/libproptest-3a86d8d47531e2f5.rlib --extern rayon=/private/var/folders/bm/hqbs88cx0fvff3jg_7xwjp0c0000gn/T/cargo-mutants-cortenforge-9vBoBk.tmp/target/release/deps/librayon-69d4359a342e9641.rlib --extern thiserror=/private/var/folders/bm/hqbs88cx0fvff3jg_7xwjp0c0000gn/T/cargo-mutants-cortenforge-9vBoBk.tmp/target/release/deps/libthiserror-13e6af7d9e53faf3.rlib --extern tracing=/private/var/folders/bm/hqbs88cx0fvff3jg_7xwjp0c0000gn/T/cargo-mutants-cortenforge-9vBoBk.tmp/target/release/deps/libtracing-c4fdb3d79e67e05c.rlib`
     Running `/Users/jonhillesheim/.rustup/toolchains/1.96.0-aarch64-apple-darwin/bin/rustc --crate-name repair_pipeline --edition=2024 mesh/mesh-repair/tests/repair_pipeline.rs --error-format=json --json=diagnostic-rendered-ansi,artifacts,future-incompat --emit=dep-info,link -C opt-level=3 -C embed-bitcode=no '--warn=clippy::pedantic' '--warn=clippy::nursery' '--warn=clippy::all' '--warn=clippy::unwrap_used' --warn=unsafe_code '--deny=clippy::unimplemented' '--deny=clippy::todo' '--allow=clippy::suboptimal_flops' '--warn=clippy::panic' --warn=missing_docs '--deny=clippy::let_underscore_must_use' '--warn=clippy::expect_used' --test --check-cfg 'cfg(docsrs,test)' --check-cfg 'cfg(feature, values())' -C metadata=b168d4e42b750d03 -C extra-filename=-ddf527c162e3a8a9 --out-dir /private/var/folders/bm/hqbs88cx0fvff3jg_7xwjp0c0000gn/T/cargo-mutants-cortenforge-9vBoBk.tmp/target/release/deps -C strip=debuginfo -L dependency=/private/var/folders/bm/hqbs88cx0fvff3jg_7xwjp0c0000gn/T/cargo-mutants-cortenforge-9vBoBk.tmp/target/release/deps --extern approx=/private/var/folders/bm/hqbs88cx0fvff3jg_7xwjp0c0000gn/T/cargo-mutants-cortenforge-9vBoBk.tmp/target/release/deps/libapprox-8e0e1b28beb31d74.rlib --extern cf_geometry=/private/var/folders/bm/hqbs88cx0fvff3jg_7xwjp0c0000gn/T/cargo-mutants-cortenforge-9vBoBk.tmp/target/release/deps/libcf_geometry-bc81a26526a33d70.rlib --extern hashbrown=/private/var/folders/bm/hqbs88cx0fvff3jg_7xwjp0c0000gn/T/cargo-mutants-cortenforge-9vBoBk.tmp/target/release/deps/libhashbrown-eca549d3cd8c0d5b.rlib --extern mesh_repair=/private/var/folders/bm/hqbs88cx0fvff3jg_7xwjp0c0000gn/T/cargo-mutants-cortenforge-9vBoBk.tmp/target/release/deps/libmesh_repair-bd5fb55dc0dfb1f8.rlib --extern mesh_types=/private/var/folders/bm/hqbs88cx0fvff3jg_7xwjp0c0000gn/T/cargo-mutants-cortenforge-9vBoBk.tmp/target/release/deps/libmesh_types-899fd9e20083457a.rlib --extern nalgebra=/private/var/folders/bm/hqbs88cx0fvff3jg_7xwjp0c0000gn/T/cargo-mutants-cortenforge-9vBoBk.tmp/target/release/deps/libnalgebra-758f4f52fa1d7274.rlib --extern parry3d_f64=/private/var/folders/bm/hqbs88cx0fvff3jg_7xwjp0c0000gn/T/cargo-mutants-cortenforge-9vBoBk.tmp/target/release/deps/libparry3d_f64-947a2c499edfba9b.rlib --extern proptest=/private/var/folders/bm/hqbs88cx0fvff3jg_7xwjp0c0000gn/T/cargo-mutants-cortenforge-9vBoBk.tmp/target/release/deps/libproptest-3a86d8d47531e2f5.rlib --extern rayon=/private/var/folders/bm/hqbs88cx0fvff3jg_7xwjp0c0000gn/T/cargo-mutants-cortenforge-9vBoBk.tmp/target/release/deps/librayon-69d4359a342e9641.rlib --extern thiserror=/private/var/folders/bm/hqbs88cx0fvff3jg_7xwjp0c0000gn/T/cargo-mutants-cortenforge-9vBoBk.tmp/target/release/deps/libthiserror-13e6af7d9e53faf3.rlib --extern tracing=/private/var/folders/bm/hqbs88cx0fvff3jg_7xwjp0c0000gn/T/cargo-mutants-cortenforge-9vBoBk.tmp/target/release/deps/libtracing-c4fdb3d79e67e05c.rlib`
     Running `/Users/jonhillesheim/.rustup/toolchains/1.96.0-aarch64-apple-darwin/bin/rustc --crate-name proptest_mesh --edition=2024 mesh/mesh-repair/tests/proptest_mesh.rs --error-format=json --json=diagnostic-rendered-ansi,artifacts,future-incompat --emit=dep-info,link -C opt-level=3 -C embed-bitcode=no '--warn=clippy::pedantic' '--warn=clippy::nursery' '--warn=clippy::all' '--warn=clippy::unwrap_used' --warn=unsafe_code '--deny=clippy::unimplemented' '--deny=clippy::todo' '--allow=clippy::suboptimal_flops' '--warn=clippy::panic' --warn=missing_docs '--deny=clippy::let_underscore_must_use' '--warn=clippy::expect_used' --test --check-cfg 'cfg(docsrs,test)' --check-cfg 'cfg(feature, values())' -C metadata=a579c0c9685e2f54 -C extra-filename=-fdba1bc30d0d8e81 --out-dir /private/var/folders/bm/hqbs88cx0fvff3jg_7xwjp0c0000gn/T/cargo-mutants-cortenforge-9vBoBk.tmp/target/release/deps -C strip=debuginfo -L dependency=/private/var/folders/bm/hqbs88cx0fvff3jg_7xwjp0c0000gn/T/cargo-mutants-cortenforge-9vBoBk.tmp/target/release/deps --extern approx=/private/var/folders/bm/hqbs88cx0fvff3jg_7xwjp0c0000gn/T/cargo-mutants-cortenforge-9vBoBk.tmp/target/release/deps/libapprox-8e0e1b28beb31d74.rlib --extern cf_geometry=/private/var/folders/bm/hqbs88cx0fvff3jg_7xwjp0c0000gn/T/cargo-mutants-cortenforge-9vBoBk.tmp/target/release/deps/libcf_geometry-bc81a26526a33d70.rlib --extern hashbrown=/private/var/folders/bm/hqbs88cx0fvff3jg_7xwjp0c0000gn/T/cargo-mutants-cortenforge-9vBoBk.tmp/target/release/deps/libhashbrown-eca549d3cd8c0d5b.rlib --extern mesh_repair=/private/var/folders/bm/hqbs88cx0fvff3jg_7xwjp0c0000gn/T/cargo-mutants-cortenforge-9vBoBk.tmp/target/release/deps/libmesh_repair-bd5fb55dc0dfb1f8.rlib --extern mesh_types=/private/var/folders/bm/hqbs88cx0fvff3jg_7xwjp0c0000gn/T/cargo-mutants-cortenforge-9vBoBk.tmp/target/release/deps/libmesh_types-899fd9e20083457a.rlib --extern nalgebra=/private/var/folders/bm/hqbs88cx0fvff3jg_7xwjp0c0000gn/T/cargo-mutants-cortenforge-9vBoBk.tmp/target/release/deps/libnalgebra-758f4f52fa1d7274.rlib --extern parry3d_f64=/private/var/folders/bm/hqbs88cx0fvff3jg_7xwjp0c0000gn/T/cargo-mutants-cortenforge-9vBoBk.tmp/target/release/deps/libparry3d_f64-947a2c499edfba9b.rlib --extern proptest=/private/var/folders/bm/hqbs88cx0fvff3jg_7xwjp0c0000gn/T/cargo-mutants-cortenforge-9vBoBk.tmp/target/release/deps/libproptest-3a86d8d47531e2f5.rlib --extern rayon=/private/var/folders/bm/hqbs88cx0fvff3jg_7xwjp0c0000gn/T/cargo-mutants-cortenforge-9vBoBk.tmp/target/release/deps/librayon-69d4359a342e9641.rlib --extern thiserror=/private/var/folders/bm/hqbs88cx0fvff3jg_7xwjp0c0000gn/T/cargo-mutants-cortenforge-9vBoBk.tmp/target/release/deps/libthiserror-13e6af7d9e53faf3.rlib --extern tracing=/private/var/folders/bm/hqbs88cx0fvff3jg_7xwjp0c0000gn/T/cargo-mutants-cortenforge-9vBoBk.tmp/target/release/deps/libtracing-c4fdb3d79e67e05c.rlib`
    Finished `release` profile [optimized] target(s) in 2.04s
     Running `/private/var/folders/bm/hqbs88cx0fvff3jg_7xwjp0c0000gn/T/cargo-mutants-cortenforge-9vBoBk.tmp/target/release/deps/mesh_repair-c00d1e709a1b43b0`

running 117 tests
test adjacency::tests::edge_direction_normalization ... ok
test adjacency::tests::boundary_edges_single_triangle ... ok
test adjacency::tests::boundary_edges_two_triangles ... ok
test adjacency::tests::build_single_triangle ... ok
test adjacency::tests::faces_for_edge ... ok
test adjacency::tests::faces_for_vertex ... ok
test adjacency::tests::manifold_mesh ... ok
test adjacency::tests::non_manifold_detection ... ok
test adjacency::tests::nonexistent_edge ... ok
test adjacency::tests::nonexistent_vertex ... ok
test components::tests::test_component_analysis_display ... ok
test components::tests::test_empty_mesh ... ok
test components::tests::test_keep_largest_multiple_components ... ok
test components::tests::test_keep_largest_single_component ... ok
test components::tests::test_remove_small_components_all_removed ... ok
test components::tests::test_connected_triangles ... FAILED
test components::tests::test_remove_small_components_none_removed ... ok
test components::tests::test_remove_small_components_some_removed ... ok
test components::tests::test_split_preserves_geometry ... ok
test components::tests::test_single_component ... FAILED
test components::tests::test_split_single_component ... ok
test components::tests::test_split_two_components ... ok
test components::tests::test_three_components_sorted_by_size ... ok
test components::tests::test_two_disconnected_components ... ok
test holes::tests::test_boundary_loop_validity ... ok
test holes::tests::test_detect_holes_closed_box ... ok
test holes::tests::test_detect_holes_open_box ... ok
test holes::tests::test_fill_holes_max_edges_limit ... ok
test holes::tests::test_fill_holes_open_box ... ok
test holes::tests::test_single_triangle_has_boundary ... ok
test intersect::tests::test_aabb_overlap ... ok
test intersect::tests::test_coplanar_intersecting ... ok
test intersect::tests::test_coplanar_non_intersecting ... ok
test intersect::tests::self_intersect_bvh_handles_degenerate_inputs ... ok
test intersect::tests::self_intersect_bvh_respects_skip_adjacent ... ok
test intersect::tests::test_detect_clean_mesh ... ok
test intersect::tests::self_intersect_bvh_respects_max_reported ... ok
test intersect::tests::test_detect_self_intersecting_mesh ... ok
test intersect::tests::test_empty_mesh ... ok
test intersect::tests::self_intersect_bvh_matches_reference_o_n_squared ... ok
test intersect::tests::test_has_self_intersections ... ok
test intersect::tests::test_non_intersecting_triangles ... ok
test intersect::tests::test_perpendicular_intersecting ... ok
test intersect::tests::test_perpendicular_non_intersecting ... ok
test intersect::tests::test_result_display ... ok
test intersect::tests::test_single_triangle ... ok
test intersect::tests::test_skip_adjacent_triangles ... ok
test repair::tests::remove_degenerate_collinear ... ok
test repair::tests::remove_degenerate_enhanced_by_aspect_ratio ... ok
test repair::tests::remove_degenerate_enhanced_by_min_edge ... ok
test repair::tests::remove_degenerate_keeps_valid ... ok
test repair::tests::remove_duplicate_exact ... ok
test repair::tests::remove_duplicate_reversed ... ok
test repair::tests::remove_duplicate_rotated ... ok
test repair::tests::remove_unreferenced ... ok
test intersect::tests::truncated_is_set_even_when_the_cap_lands_exactly_on_the_true_count ... ok
test repair::tests::remove_unreferenced_none ... ok
test repair::tests::repair_full_pipeline ... ok
test repair::tests::repair_params_builder_methods ... ok
test repair::tests::repair_params_default ... ok
test repair::tests::repair_params_for_cad ... ok
test repair::tests::repair_params_for_printing ... ok
test repair::tests::repair_params_for_scans ... ok
test repair::tests::repair_result_display ... ok
test repair::tests::repair_result_no_changes ... ok
test repair::tests::taubin_smooth_empty_mesh_is_no_op ... ok
test repair::tests::taubin_smooth_modifies_vertices_on_real_mesh ... ok
test repair::tests::taubin_smooth_no_faces_is_no_op ... ok
test repair::tests::taubin_smooth_shrinks_less_than_pure_laplacian ... ok
test repair::tests::taubin_smooth_zero_iterations_is_no_op ... ok
test repair::tests::weld_empty_mesh ... ok
test repair::tests::weld_near_vertices ... ok
test validate::tests::a_consistently_wound_open_mesh_can_set_the_flag_by_translation_alone ... ok
test validate::tests::census_sees_a_local_flip_that_the_signed_volume_test_misses ... ok
test validate::tests::detect_degenerate_faces ... ok
test validate::tests::a_local_flip_can_set_the_flag_at_the_origin ... ok
test validate::tests::detect_duplicate_faces ... ok
test validate::tests::detect_duplicate_faces_reversed ... ok
test validate::tests::display_distinguishes_a_vacuous_census_from_an_absent_one ... ok
test validate::tests::display_renders_the_actual_inconsistent_edge_count ... ok
test validate::tests::display_renders_the_negative_signed_volume_arm ... ok
test validate::tests::display_reports_both_instruments_and_claims_neither_as_correctness ... ok
test validate::tests::has_issues_empty_mesh ... ok
test validate::tests::issue_count_sums_the_connectivity_and_geometry_defects ... ok
test validate::tests::printability_check ... ok
test validate::tests::printability_fails_on_non_manifold_alone ... ok
test validate::tests::printability_fails_with_holes ... ok
test validate::tests::report_display ... ok
test validate::tests::the_census_and_the_report_disagree_on_non_manifold_edges ... ok
test validate::tests::the_flip_leaves_the_signed_volume_sum_untouched ... ok
test validate::tests::the_option_gates_the_census_and_leaves_the_volume_flag_measured ... ok
test validate::tests::the_two_degenerate_counters_are_nested_not_disjoint ... ok
test validate::tests::validate_single_triangle ... ok
test validate::tests::validate_tetrahedron ... ok
test winding::tests::test_count_inconsistent ... ok
test winding::tests::test_already_consistent ... ok
test winding::tests::a_non_orientable_surface_never_censuses_clean_however_often_it_is_repaired ... ok
test winding::tests::test_empty_mesh ... ok
test winding::tests::signed_volume_sees_a_local_flip_once_the_mesh_is_off_origin ... ok
test winding::tests::test_fix_disconnected_components ... ok
test winding::tests::test_fix_inconsistent ... ok
test winding::tests::test_flip_winding_empty_mesh ... ok
test winding::tests::test_flip_winding_is_self_inverse ... ok
test winding::tests::test_flip_winding_swaps_indices_one_and_two ... ok
test winding::tests::test_flip_winding_works_on_soup_mesh ... ok
test winding::tests::test_single_face ... ok
test winding::tests::winding_census_display_marks_an_unjudged_census_without_naming_a_cause ... ok
test winding::tests::winding_census_display_renders_every_counter_in_order ... ok
test winding::tests::winding_census_does_not_fabricate_a_closed_surface_from_slivers ... ok
test winding::tests::winding_census_counts_three_edges_per_flipped_face_wherever_it_sits ... ok
test winding::tests::winding_census_does_not_fabricate_a_non_manifold_edge_from_a_sliver ... ok
test winding::tests::winding_census_excludes_non_manifold_edges_from_the_judgement ... ok
test winding::tests::winding_census_is_blind_to_a_global_flip_where_signed_volume_is_not ... ok
test winding::tests::winding_census_is_clean_on_a_consistent_closed_surface ... ok
test winding::tests::winding_census_reports_soup_as_inconclusive_not_clean ... ok
test winding::tests::winding_census_skips_a_degenerate_face_whole ... ok
test intersect::tests::self_intersect_bvh_runtime_under_target ... ok

failures:

---- components::tests::test_connected_triangles stdout ----

thread 'components::tests::test_connected_triangles' (704347) panicked at mesh/mesh-repair/src/components.rs:582:9:
assertion failed: analysis.is_connected()
note: run with `RUST_BACKTRACE=1` environment variable to display a backtrace

---- components::tests::test_single_component stdout ----

thread 'components::tests::test_single_component' (704354) panicked at mesh/mesh-repair/src/components.rs:563:9:
assertion failed: analysis.is_connected()


failures:
    components::tests::test_connected_triangles
    components::tests::test_single_component

test result: FAILED. 115 passed; 2 failed; 0 ignored; 0 measured; 0 filtered out; finished in 0.34s

error: test failed, to rerun pass `-p mesh-repair --lib`

*** result: Failure(101)
