
*** mesh/mesh-repair/src/adjacency.rs:41:9: replace MeshAdjacency::build -> Self with Default::default()

*** mutation diff:
--- mesh/mesh-repair/src/adjacency.rs
+++ replace MeshAdjacency::build -> Self with Default::default()
@@ -33,41 +33,17 @@
     ///
     /// let faces = vec![[0, 1, 2], [1, 3, 2]];
     /// let adj = MeshAdjacency::build(&faces);
     ///
     /// assert_eq!(adj.boundary_edge_count(), 4); // 4 boundary edges
     /// ```
     #[must_use]
     pub fn build(faces: &[[u32; 3]]) -> Self {
-        let mut edge_to_faces: HashMap<(u32, u32), Vec<usize>> = HashMap::new();
-        let mut vertex_to_faces: HashMap<u32, Vec<usize>> = HashMap::new();
-
-        for (face_idx, face) in faces.iter().enumerate() {
-            // Add vertex-to-face mappings
-            for &v in face {
-                vertex_to_faces.entry(v).or_default().push(face_idx);
-            }
-
-            // Add edge-to-face mappings (normalize edge direction)
-            let edges = [
-                normalize_edge(face[0], face[1]),
-                normalize_edge(face[1], face[2]),
-                normalize_edge(face[2], face[0]),
-            ];
-
-            for edge in edges {
-                edge_to_faces.entry(edge).or_default().push(face_idx);
-            }
-        }
-
-        Self {
-            edge_to_faces,
-            vertex_to_faces,
-        }
+        Default::default() /* ~ changed by cargo-mutants ~ */
     }
 
     /// Get faces adjacent to an edge.
     ///
     /// Returns `None` if the edge doesn't exist in the mesh.
     #[must_use]
     pub fn faces_for_edge(&self, v0: u32, v1: u32) -> Option<&[usize]> {
         let edge = normalize_edge(v0, v1);


*** /Users/jonhillesheim/.rustup/toolchains/1.96.0-aarch64-apple-darwin/bin/cargo test --no-run --verbose --package=mesh-repair@2.0.0
       Fresh autocfg v1.5.0
       Fresh unicode-ident v1.0.24
       Fresh cfg-if v1.0.4
       Fresh bytemuck v1.25.0
       Fresh rawpointer v0.2.1
       Fresh safe_arch v0.7.4
       Fresh typenum v1.20.1
       Fresh bitflags v2.11.0
       Fresh libm v0.2.16
       Fresh proc-macro2 v1.0.106
       Fresh libc v0.2.183
       Fresh wide v0.7.33
       Fresh paste v1.0.15
       Fresh matrixmultiply v0.3.10
       Fresh once_cell v1.21.4
       Fresh crossbeam-utils v0.8.21
       Fresh byteorder v1.5.0
       Fresh num-traits v0.2.19
       Fresh quote v1.0.45
       Fresh getrandom v0.3.4
       Fresh hash32 v0.3.1
       Fresh crossbeam-epoch v0.9.20
       Fresh errno v0.3.14
       Fresh equivalent v1.0.2
       Fresh foldhash v0.2.0
       Fresh syn v2.0.117
       Fresh approx v0.5.1
       Fresh num-integer v0.1.46
       Fresh num-complex v0.4.6
       Fresh rand_core v0.9.5
       Fresh stable_deref_trait v1.2.1
       Fresh smallvec v1.15.1
       Fresh allocator-api2 v0.2.21
       Fresh zerocopy v0.8.47
       Fresh getrandom v0.4.2
       Fresh simba v0.9.1
       Fresh num-rational v0.4.2
       Fresh nalgebra-macros v0.3.0
       Fresh rustix v1.1.4
       Fresh hashbrown v0.16.1
       Fresh thiserror-impl v1.0.69
       Fresh heapless v0.8.0
       Fresh crossbeam-deque v0.8.6
       Fresh fastrand v2.3.0
       Fresh robust v1.2.0
       Fresh either v1.15.0
       Fresh log v0.4.32
       Fresh nalgebra v0.34.2
       Fresh rayon-core v1.13.0
       Fresh spade v2.15.1
       Fresh tempfile v3.27.0
       Fresh ena v0.14.4
       Fresh nalgebra v0.33.3
       Fresh thiserror v1.0.69
       Fresh rstar v0.12.2
       Fresh num-derive v0.4.2
       Fresh thiserror-impl v2.0.18
       Fresh ppv-lite86 v0.2.21
       Fresh tracing-attributes v0.1.31
       Fresh cf-geometry v1.0.0 (/private/var/folders/bm/hqbs88cx0fvff3jg_7xwjp0c0000gn/T/cargo-mutants-cortenforge-9vBoBk.tmp/design/cf-geometry)
       Fresh ordered-float v4.6.0
       Fresh tracing-core v0.1.36
       Fresh wait-timeout v0.2.1
       Fresh pin-project-lite v0.2.17
       Fresh downcast-rs v1.2.1
       Fresh slab v0.4.12
       Fresh arrayvec v0.7.6
       Fresh bit-vec v0.8.0
       Fresh rustc-hash v2.1.1
       Fresh fnv v1.0.7
       Fresh quick-error v1.2.3
       Fresh tracing v0.1.44
       Fresh mesh-types v1.0.0 (/private/var/folders/bm/hqbs88cx0fvff3jg_7xwjp0c0000gn/T/cargo-mutants-cortenforge-9vBoBk.tmp/mesh/mesh-types)
       Fresh parry3d-f64 v0.17.6
       Fresh bit-set v0.8.0
       Fresh thiserror v2.0.18
       Fresh rusty-fork v0.3.1
       Fresh rand_chacha v0.9.0
       Fresh rayon v1.12.0
       Fresh rand v0.9.2
       Fresh rand_xorshift v0.4.0
       Fresh regex-syntax v0.8.10
       Fresh unarray v0.1.4
       Fresh proptest v1.11.0
       Dirty mesh-repair v2.0.0 (/private/var/folders/bm/hqbs88cx0fvff3jg_7xwjp0c0000gn/T/cargo-mutants-cortenforge-9vBoBk.tmp/mesh/mesh-repair): the file `mesh/mesh-repair/src/adjacency.rs` has changed (1787396742.339605516s, 29s after last build at 1787396713.596712471s)
   Compiling mesh-repair v2.0.0 (/private/var/folders/bm/hqbs88cx0fvff3jg_7xwjp0c0000gn/T/cargo-mutants-cortenforge-9vBoBk.tmp/mesh/mesh-repair)
     Running `/Users/jonhillesheim/.rustup/toolchains/1.96.0-aarch64-apple-darwin/bin/rustc --crate-name mesh_repair --edition=2024 mesh/mesh-repair/src/lib.rs --error-format=json --json=diagnostic-rendered-ansi,artifacts,future-incompat --emit=dep-info,link -C opt-level=2 -C embed-bitcode=no -C debuginfo=2 -C split-debuginfo=unpacked '--warn=clippy::pedantic' '--warn=clippy::nursery' '--warn=clippy::all' '--warn=clippy::unwrap_used' --warn=unsafe_code '--deny=clippy::unimplemented' '--deny=clippy::todo' '--allow=clippy::suboptimal_flops' '--warn=clippy::panic' --warn=missing_docs '--deny=clippy::let_underscore_must_use' '--warn=clippy::expect_used' -C debug-assertions=on --test --check-cfg 'cfg(docsrs,test)' --check-cfg 'cfg(feature, values())' -C metadata=f732cce5678e1299 -C extra-filename=-ab8ce07e98e614b6 --out-dir /private/var/folders/bm/hqbs88cx0fvff3jg_7xwjp0c0000gn/T/cargo-mutants-cortenforge-9vBoBk.tmp/target/debug/deps -C incremental=/private/var/folders/bm/hqbs88cx0fvff3jg_7xwjp0c0000gn/T/cargo-mutants-cortenforge-9vBoBk.tmp/target/debug/incremental -L dependency=/private/var/folders/bm/hqbs88cx0fvff3jg_7xwjp0c0000gn/T/cargo-mutants-cortenforge-9vBoBk.tmp/target/debug/deps --extern approx=/private/var/folders/bm/hqbs88cx0fvff3jg_7xwjp0c0000gn/T/cargo-mutants-cortenforge-9vBoBk.tmp/target/debug/deps/libapprox-21f4e731216a202d.rlib --extern cf_geometry=/private/var/folders/bm/hqbs88cx0fvff3jg_7xwjp0c0000gn/T/cargo-mutants-cortenforge-9vBoBk.tmp/target/debug/deps/libcf_geometry-2d727014e88ca3ac.rlib --extern hashbrown=/private/var/folders/bm/hqbs88cx0fvff3jg_7xwjp0c0000gn/T/cargo-mutants-cortenforge-9vBoBk.tmp/target/debug/deps/libhashbrown-1c5585b6045e19ac.rlib --extern mesh_types=/private/var/folders/bm/hqbs88cx0fvff3jg_7xwjp0c0000gn/T/cargo-mutants-cortenforge-9vBoBk.tmp/target/debug/deps/libmesh_types-bb100a088d3e9b11.rlib --extern nalgebra=/private/var/folders/bm/hqbs88cx0fvff3jg_7xwjp0c0000gn/T/cargo-mutants-cortenforge-9vBoBk.tmp/target/debug/deps/libnalgebra-2cbe3d9228d6c7b9.rlib --extern parry3d_f64=/private/var/folders/bm/hqbs88cx0fvff3jg_7xwjp0c0000gn/T/cargo-mutants-cortenforge-9vBoBk.tmp/target/debug/deps/libparry3d_f64-fefc5d4db899a6dc.rlib --extern proptest=/private/var/folders/bm/hqbs88cx0fvff3jg_7xwjp0c0000gn/T/cargo-mutants-cortenforge-9vBoBk.tmp/target/debug/deps/libproptest-677997f9db0adb94.rlib --extern rayon=/private/var/folders/bm/hqbs88cx0fvff3jg_7xwjp0c0000gn/T/cargo-mutants-cortenforge-9vBoBk.tmp/target/debug/deps/librayon-02f13d7b576039e0.rlib --extern thiserror=/private/var/folders/bm/hqbs88cx0fvff3jg_7xwjp0c0000gn/T/cargo-mutants-cortenforge-9vBoBk.tmp/target/debug/deps/libthiserror-ac0ed17fd3751148.rlib --extern tracing=/private/var/folders/bm/hqbs88cx0fvff3jg_7xwjp0c0000gn/T/cargo-mutants-cortenforge-9vBoBk.tmp/target/debug/deps/libtracing-874c132bc63c536d.rlib`
     Running `/Users/jonhillesheim/.rustup/toolchains/1.96.0-aarch64-apple-darwin/bin/rustc --crate-name mesh_repair --edition=2024 mesh/mesh-repair/src/lib.rs --error-format=json --json=diagnostic-rendered-ansi,artifacts,future-incompat --crate-type lib --emit=dep-info,metadata,link -C opt-level=2 -C embed-bitcode=no -C debuginfo=2 -C split-debuginfo=unpacked '--warn=clippy::pedantic' '--warn=clippy::nursery' '--warn=clippy::all' '--warn=clippy::unwrap_used' --warn=unsafe_code '--deny=clippy::unimplemented' '--deny=clippy::todo' '--allow=clippy::suboptimal_flops' '--warn=clippy::panic' --warn=missing_docs '--deny=clippy::let_underscore_must_use' '--warn=clippy::expect_used' -C debug-assertions=on --check-cfg 'cfg(docsrs,test)' --check-cfg 'cfg(feature, values())' -C metadata=824542de100eef2d -C extra-filename=-bbaf037179e386e6 --out-dir /private/var/folders/bm/hqbs88cx0fvff3jg_7xwjp0c0000gn/T/cargo-mutants-cortenforge-9vBoBk.tmp/target/debug/deps -C incremental=/private/var/folders/bm/hqbs88cx0fvff3jg_7xwjp0c0000gn/T/cargo-mutants-cortenforge-9vBoBk.tmp/target/debug/incremental -L dependency=/private/var/folders/bm/hqbs88cx0fvff3jg_7xwjp0c0000gn/T/cargo-mutants-cortenforge-9vBoBk.tmp/target/debug/deps --extern cf_geometry=/private/var/folders/bm/hqbs88cx0fvff3jg_7xwjp0c0000gn/T/cargo-mutants-cortenforge-9vBoBk.tmp/target/debug/deps/libcf_geometry-2d727014e88ca3ac.rmeta --extern hashbrown=/private/var/folders/bm/hqbs88cx0fvff3jg_7xwjp0c0000gn/T/cargo-mutants-cortenforge-9vBoBk.tmp/target/debug/deps/libhashbrown-1c5585b6045e19ac.rmeta --extern mesh_types=/private/var/folders/bm/hqbs88cx0fvff3jg_7xwjp0c0000gn/T/cargo-mutants-cortenforge-9vBoBk.tmp/target/debug/deps/libmesh_types-bb100a088d3e9b11.rmeta --extern nalgebra=/private/var/folders/bm/hqbs88cx0fvff3jg_7xwjp0c0000gn/T/cargo-mutants-cortenforge-9vBoBk.tmp/target/debug/deps/libnalgebra-2cbe3d9228d6c7b9.rmeta --extern parry3d_f64=/private/var/folders/bm/hqbs88cx0fvff3jg_7xwjp0c0000gn/T/cargo-mutants-cortenforge-9vBoBk.tmp/target/debug/deps/libparry3d_f64-fefc5d4db899a6dc.rmeta --extern rayon=/private/var/folders/bm/hqbs88cx0fvff3jg_7xwjp0c0000gn/T/cargo-mutants-cortenforge-9vBoBk.tmp/target/debug/deps/librayon-02f13d7b576039e0.rmeta --extern thiserror=/private/var/folders/bm/hqbs88cx0fvff3jg_7xwjp0c0000gn/T/cargo-mutants-cortenforge-9vBoBk.tmp/target/debug/deps/libthiserror-ac0ed17fd3751148.rmeta --extern tracing=/private/var/folders/bm/hqbs88cx0fvff3jg_7xwjp0c0000gn/T/cargo-mutants-cortenforge-9vBoBk.tmp/target/debug/deps/libtracing-874c132bc63c536d.rmeta`
error[E0277]: the trait bound `MeshAdjacency: Default` is not satisfied
  --> mesh/mesh-repair/src/adjacency.rs:41:9
   |
41 |         Default::default() /* ~ changed by cargo-mutants ~ */
   |         ^^^^^^^^^^^^^^^^^^ the trait `Default` is not implemented for `MeshAdjacency`
   |
help: consider annotating `MeshAdjacency` with `#[derive(Default)]`
   |
15 + #[derive(Default)]
16 | pub struct MeshAdjacency {
   |

For more information about this error, try `rustc --explain E0277`.
error: could not compile `mesh-repair` (lib) due to 1 previous error

Caused by:
  process didn't exit successfully: `/Users/jonhillesheim/.rustup/toolchains/1.96.0-aarch64-apple-darwin/bin/rustc --crate-name mesh_repair --edition=2024 mesh/mesh-repair/src/lib.rs --error-format=json --json=diagnostic-rendered-ansi,artifacts,future-incompat --crate-type lib --emit=dep-info,metadata,link -C opt-level=2 -C embed-bitcode=no -C debuginfo=2 -C split-debuginfo=unpacked '--warn=clippy::pedantic' '--warn=clippy::nursery' '--warn=clippy::all' '--warn=clippy::unwrap_used' --warn=unsafe_code '--deny=clippy::unimplemented' '--deny=clippy::todo' '--allow=clippy::suboptimal_flops' '--warn=clippy::panic' --warn=missing_docs '--deny=clippy::let_underscore_must_use' '--warn=clippy::expect_used' -C debug-assertions=on --check-cfg 'cfg(docsrs,test)' --check-cfg 'cfg(feature, values())' -C metadata=824542de100eef2d -C extra-filename=-bbaf037179e386e6 --out-dir /private/var/folders/bm/hqbs88cx0fvff3jg_7xwjp0c0000gn/T/cargo-mutants-cortenforge-9vBoBk.tmp/target/debug/deps -C incremental=/private/var/folders/bm/hqbs88cx0fvff3jg_7xwjp0c0000gn/T/cargo-mutants-cortenforge-9vBoBk.tmp/target/debug/incremental -L dependency=/private/var/folders/bm/hqbs88cx0fvff3jg_7xwjp0c0000gn/T/cargo-mutants-cortenforge-9vBoBk.tmp/target/debug/deps --extern cf_geometry=/private/var/folders/bm/hqbs88cx0fvff3jg_7xwjp0c0000gn/T/cargo-mutants-cortenforge-9vBoBk.tmp/target/debug/deps/libcf_geometry-2d727014e88ca3ac.rmeta --extern hashbrown=/private/var/folders/bm/hqbs88cx0fvff3jg_7xwjp0c0000gn/T/cargo-mutants-cortenforge-9vBoBk.tmp/target/debug/deps/libhashbrown-1c5585b6045e19ac.rmeta --extern mesh_types=/private/var/folders/bm/hqbs88cx0fvff3jg_7xwjp0c0000gn/T/cargo-mutants-cortenforge-9vBoBk.tmp/target/debug/deps/libmesh_types-bb100a088d3e9b11.rmeta --extern nalgebra=/private/var/folders/bm/hqbs88cx0fvff3jg_7xwjp0c0000gn/T/cargo-mutants-cortenforge-9vBoBk.tmp/target/debug/deps/libnalgebra-2cbe3d9228d6c7b9.rmeta --extern parry3d_f64=/private/var/folders/bm/hqbs88cx0fvff3jg_7xwjp0c0000gn/T/cargo-mutants-cortenforge-9vBoBk.tmp/target/debug/deps/libparry3d_f64-fefc5d4db899a6dc.rmeta --extern rayon=/private/var/folders/bm/hqbs88cx0fvff3jg_7xwjp0c0000gn/T/cargo-mutants-cortenforge-9vBoBk.tmp/target/debug/deps/librayon-02f13d7b576039e0.rmeta --extern thiserror=/private/var/folders/bm/hqbs88cx0fvff3jg_7xwjp0c0000gn/T/cargo-mutants-cortenforge-9vBoBk.tmp/target/debug/deps/libthiserror-ac0ed17fd3751148.rmeta --extern tracing=/private/var/folders/bm/hqbs88cx0fvff3jg_7xwjp0c0000gn/T/cargo-mutants-cortenforge-9vBoBk.tmp/target/debug/deps/libtracing-874c132bc63c536d.rmeta` (exit status: 1)
warning: build failed, waiting for other jobs to finish...
error[E0277]: the trait bound `adjacency::MeshAdjacency: Default` is not satisfied
  --> mesh/mesh-repair/src/adjacency.rs:41:9
   |
41 |         Default::default() /* ~ changed by cargo-mutants ~ */
   |         ^^^^^^^^^^^^^^^^^^ the trait `Default` is not implemented for `adjacency::MeshAdjacency`
   |
help: consider annotating `adjacency::MeshAdjacency` with `#[derive(Default)]`
   |
15 + #[derive(Default)]
16 | pub struct MeshAdjacency {
   |

error: could not compile `mesh-repair` (lib test) due to 1 previous error

Caused by:
  process didn't exit successfully: `/Users/jonhillesheim/.rustup/toolchains/1.96.0-aarch64-apple-darwin/bin/rustc --crate-name mesh_repair --edition=2024 mesh/mesh-repair/src/lib.rs --error-format=json --json=diagnostic-rendered-ansi,artifacts,future-incompat --emit=dep-info,link -C opt-level=2 -C embed-bitcode=no -C debuginfo=2 -C split-debuginfo=unpacked '--warn=clippy::pedantic' '--warn=clippy::nursery' '--warn=clippy::all' '--warn=clippy::unwrap_used' --warn=unsafe_code '--deny=clippy::unimplemented' '--deny=clippy::todo' '--allow=clippy::suboptimal_flops' '--warn=clippy::panic' --warn=missing_docs '--deny=clippy::let_underscore_must_use' '--warn=clippy::expect_used' -C debug-assertions=on --test --check-cfg 'cfg(docsrs,test)' --check-cfg 'cfg(feature, values())' -C metadata=f732cce5678e1299 -C extra-filename=-ab8ce07e98e614b6 --out-dir /private/var/folders/bm/hqbs88cx0fvff3jg_7xwjp0c0000gn/T/cargo-mutants-cortenforge-9vBoBk.tmp/target/debug/deps -C incremental=/private/var/folders/bm/hqbs88cx0fvff3jg_7xwjp0c0000gn/T/cargo-mutants-cortenforge-9vBoBk.tmp/target/debug/incremental -L dependency=/private/var/folders/bm/hqbs88cx0fvff3jg_7xwjp0c0000gn/T/cargo-mutants-cortenforge-9vBoBk.tmp/target/debug/deps --extern approx=/private/var/folders/bm/hqbs88cx0fvff3jg_7xwjp0c0000gn/T/cargo-mutants-cortenforge-9vBoBk.tmp/target/debug/deps/libapprox-21f4e731216a202d.rlib --extern cf_geometry=/private/var/folders/bm/hqbs88cx0fvff3jg_7xwjp0c0000gn/T/cargo-mutants-cortenforge-9vBoBk.tmp/target/debug/deps/libcf_geometry-2d727014e88ca3ac.rlib --extern hashbrown=/private/var/folders/bm/hqbs88cx0fvff3jg_7xwjp0c0000gn/T/cargo-mutants-cortenforge-9vBoBk.tmp/target/debug/deps/libhashbrown-1c5585b6045e19ac.rlib --extern mesh_types=/private/var/folders/bm/hqbs88cx0fvff3jg_7xwjp0c0000gn/T/cargo-mutants-cortenforge-9vBoBk.tmp/target/debug/deps/libmesh_types-bb100a088d3e9b11.rlib --extern nalgebra=/private/var/folders/bm/hqbs88cx0fvff3jg_7xwjp0c0000gn/T/cargo-mutants-cortenforge-9vBoBk.tmp/target/debug/deps/libnalgebra-2cbe3d9228d6c7b9.rlib --extern parry3d_f64=/private/var/folders/bm/hqbs88cx0fvff3jg_7xwjp0c0000gn/T/cargo-mutants-cortenforge-9vBoBk.tmp/target/debug/deps/libparry3d_f64-fefc5d4db899a6dc.rlib --extern proptest=/private/var/folders/bm/hqbs88cx0fvff3jg_7xwjp0c0000gn/T/cargo-mutants-cortenforge-9vBoBk.tmp/target/debug/deps/libproptest-677997f9db0adb94.rlib --extern rayon=/private/var/folders/bm/hqbs88cx0fvff3jg_7xwjp0c0000gn/T/cargo-mutants-cortenforge-9vBoBk.tmp/target/debug/deps/librayon-02f13d7b576039e0.rlib --extern thiserror=/private/var/folders/bm/hqbs88cx0fvff3jg_7xwjp0c0000gn/T/cargo-mutants-cortenforge-9vBoBk.tmp/target/debug/deps/libthiserror-ac0ed17fd3751148.rlib --extern tracing=/private/var/folders/bm/hqbs88cx0fvff3jg_7xwjp0c0000gn/T/cargo-mutants-cortenforge-9vBoBk.tmp/target/debug/deps/libtracing-874c132bc63c536d.rlib` (exit status: 1)

*** result: Failure(101)
